Jan  1 00:00:07 gautam-Inspiron-1420 rsyslogd: [origin software="rsyslogd" swVersion="7.4.4" x-pid="1502" x-info="http://www.rsyslog.com"] start
Jan  1 00:00:07 gautam-Inspiron-1420 rsyslogd: rsyslogd's groupid changed to 103
Jan  1 00:00:07 gautam-Inspiron-1420 rsyslogd: rsyslogd's userid changed to 100
Jan  1 00:00:07 gautam-Inspiron-1420 rsyslogd-2039: Could no open output pipe '/dev/xconsole': No such file or directory [try http://www.rsyslog.com/e/2039 ]
Jan  1 00:00:07 gautam-Inspiron-1420 kernel: [    0.000000] Booting Linux on physical CPU 0x0
Jan  1 00:00:07 gautam-Inspiron-1420 kernel: [    0.000000] Linux version 3.10.37-linaro-arndale (buildslave@x86-64-07) (gcc version 4.8.3 20140401 (prerelease) (crosstool-NG linaro-1.13.1-4.8-2014.04 - Linaro GCC 4.8-2014.04) ) #1 SMP Tue Aug 26 12:26:19 UTC 2014
Jan  1 00:00:07 gautam-Inspiron-1420 kernel: [    0.000000] CPU: ARMv7 Processor [410fc0f4] revision 4 (ARMv7), cr=50c5387d
Jan  1 00:00:07 gautam-Inspiron-1420 kernel: [    0.000000] CPU: PIPT / VIPT nonaliasing data cache, PIPT instruction cache
Jan  1 00:00:07 gautam-Inspiron-1420 kernel: [    0.000000] Machine: SAMSUNG EXYNOS5 (Flattened Device Tree), model: Insignal Arndale evaluation board based on EXYNOS5250
Jan  1 00:00:07 gautam-Inspiron-1420 kernel: [    0.000000] NR_BANKS too low, ignoring high memory
Jan  1 00:00:07 gautam-Inspiron-1420 kernel: [    0.000000] cma: CMA: reserved 64 MiB at ab800000
Jan  1 00:00:07 gautam-Inspiron-1420 kernel: [    0.000000] Memory policy: ECC disabled, Data cache writealloc
Jan  1 00:00:07 gautam-Inspiron-1420 kernel: [    0.000000] CPU EXYNOS5250 (id 0x43520010)
Jan  1 00:00:07 gautam-Inspiron-1420 kernel: [    0.000000] On node 0 totalpages: 518144
Jan  1 00:00:07 gautam-Inspiron-1420 kernel: [    0.000000]   Normal zone: 3568 pages used for memmap
Jan  1 00:00:07 gautam-Inspiron-1420 kernel: [    0.000000]   Normal zone: 0 pages reserved
Jan  1 00:00:07 gautam-Inspiron-1420 kernel: [    0.000000]   Normal zone: 452608 pages, LIFO batch:31
Jan  1 00:00:07 gautam-Inspiron-1420 kernel: [    0.000000]   HighMem zone: 528 pages used for memmap
Jan  1 00:00:07 gautam-Inspiron-1420 kernel: [    0.000000]   HighMem zone: 65536 pages, LIFO batch:15
Jan  1 00:00:07 gautam-Inspiron-1420 kernel: [    0.000000] PERCPU: Embedded 9 pages/cpu @817ce000 s14464 r8192 d14208 u36864
Jan  1 00:00:07 gautam-Inspiron-1420 kernel: [    0.000000] pcpu-alloc: s14464 r8192 d14208 u36864 alloc=9*4096
Jan  1 00:00:07 gautam-Inspiron-1420 kernel: [    0.000000] pcpu-alloc: [0] 0 [0] 1 
Jan  1 00:00:07 gautam-Inspiron-1420 kernel: [    0.000000] Built 1 zonelists in Zone order, mobility grouping on.  Total pages: 514576
Jan  1 00:00:07 gautam-Inspiron-1420 kernel: [    0.000000] Kernel command line: console=tty0 console=ttySAC2,115200n8 drm_kms_helper.edid_firmware=edid-1920x1080.fw  root=UUID=a9b2def7-9fa1-423f-acb0-3725791a719b rootwait ro mac=02:0c:cc:99:a9:04
Jan  1 00:00:07 gautam-Inspiron-1420 kernel: [    0.000000] PID hash table entries: 4096 (order: 2, 16384 bytes)
Jan  1 00:00:07 gautam-Inspiron-1420 kernel: [    0.000000] Dentry cache hash table entries: 262144 (order: 8, 1048576 bytes)
Jan  1 00:00:07 gautam-Inspiron-1420 kernel: [    0.000000] Inode-cache hash table entries: 131072 (order: 7, 524288 bytes)
Jan  1 00:00:07 gautam-Inspiron-1420 kernel: [    0.000000] Memory: 48MB 216MB 1504MB 256MB = 2024MB total
Jan  1 00:00:07 gautam-Inspiron-1420 kernel: [    0.000000] Memory: 1978340k/1994724k available, 94236k reserved, 262144K highmem
Jan  1 00:00:07 gautam-Inspiron-1420 kernel: [    0.000000] Virtual kernel memory layout:
Jan  1 00:00:07 gautam-Inspiron-1420 kernel: [    0.000000]     vector  : 0xffff0000 - 0xffff1000   (   4 kB)
Jan  1 00:00:07 gautam-Inspiron-1420 kernel: [    0.000000]     fixmap  : 0xfff00000 - 0xfffe0000   ( 896 kB)
Jan  1 00:00:07 gautam-Inspiron-1420 kernel: [    0.000000]     vmalloc : 0xf0000000 - 0xff000000   ( 240 MB)
Jan  1 00:00:07 gautam-Inspiron-1420 kernel: [    0.000000]     lowmem  : 0x80000000 - 0xef800000   (1784 MB)
Jan  1 00:00:07 gautam-Inspiron-1420 kernel: [    0.000000]     pkmap   : 0x7fe00000 - 0x80000000   (   2 MB)
Jan  1 00:00:07 gautam-Inspiron-1420 kernel: [    0.000000]     modules : 0x7f800000 - 0x7fe00000   (   6 MB)
Jan  1 00:00:07 gautam-Inspiron-1420 kernel: [    0.000000]       .text : 0x80008000 - 0x8066f418   (6558 kB)
Jan  1 00:00:07 gautam-Inspiron-1420 kernel: [    0.000000]       .init : 0x80670000 - 0x806c9880   ( 359 kB)
Jan  1 00:00:07 gautam-Inspiron-1420 kernel: [    0.000000]       .data : 0x806ca000 - 0x80738000   ( 440 kB)
Jan  1 00:00:07 gautam-Inspiron-1420 kernel: [    0.000000]        .bss : 0x80738000 - 0x807aed28   ( 476 kB)
Jan  1 00:00:07 gautam-Inspiron-1420 kernel: [    0.000000] Hierarchical RCU implementation.
Jan  1 00:00:07 gautam-Inspiron-1420 kernel: [    0.000000] NR_IRQS:549
Jan  1 00:00:07 gautam-Inspiron-1420 kernel: [    0.000000] Exynos5250: clock setup completed, armclk=1000000000
Jan  1 00:00:07 gautam-Inspiron-1420 kernel: [    0.000000] Architected local timer running at 24.00MHz (phys).
Jan  1 00:00:07 gautam-Inspiron-1420 kernel: [    0.000000] Switching to timer-based delay loop
Jan  1 00:00:07 gautam-Inspiron-1420 kernel: [    0.000000] sched_clock: ARM arch timer >56 bits at 24000kHz, resolution 41ns
Jan  1 00:00:07 gautam-Inspiron-1420 kernel: [    0.000000] sched_clock: 32 bits at 200 Hz, resolution 5000000ns, wraps every 4294967291ms
Jan  1 00:00:07 gautam-Inspiron-1420 kernel: [    0.000000] Console: colour dummy device 80x30
Jan  1 00:00:07 gautam-Inspiron-1420 kernel: [    0.000000] console [tty0] enabled
Jan  1 00:00:07 gautam-Inspiron-1420 kernel: [    0.000951] Calibrating delay loop (skipped), value calculated using timer frequency.. 48.00 BogoMIPS (lpj=120000)
Jan  1 00:00:07 gautam-Inspiron-1420 kernel: [    0.000989] pid_max: default: 32768 minimum: 301
Jan  1 00:00:07 gautam-Inspiron-1420 kernel: [    0.001135] Security Framework initialized
Jan  1 00:00:07 gautam-Inspiron-1420 kernel: [    0.001165] AppArmor: AppArmor initialized
Jan  1 00:00:07 gautam-Inspiron-1420 kernel: [    0.001224] Mount-cache hash table entries: 512
Jan  1 00:00:07 gautam-Inspiron-1420 kernel: [    0.012936] CPU: Testing write buffer coherency: ok
Jan  1 00:00:07 gautam-Inspiron-1420 kernel: [    0.012982] ftrace: allocating 23319 entries in 46 pages
Jan  1 00:00:07 gautam-Inspiron-1420 kernel: [    0.033613] CPU0: thread -1, cpu 0, socket 0, mpidr 80000000
Jan  1 00:00:07 gautam-Inspiron-1420 kernel: [    0.033655] Setting up static identity map for 0x80448068 - 0x804480b4
Jan  1 00:00:07 gautam-Inspiron-1420 kernel: [    0.034710] CPU1: Booted secondary processor
Jan  1 00:00:07 gautam-Inspiron-1420 kernel: [    0.034736] CPU1: thread -1, cpu 1, socket 0, mpidr 80000001
Jan  1 00:00:07 gautam-Inspiron-1420 kernel: [    0.034808] Brought up 2 CPUs
Jan  1 00:00:07 gautam-Inspiron-1420 kernel: [    0.034836] SMP: Total of 2 processors activated (96.00 BogoMIPS).
Jan  1 00:00:07 gautam-Inspiron-1420 kernel: [    0.034847] CPU: All CPU(s) started in HYP mode.
Jan  1 00:00:07 gautam-Inspiron-1420 kernel: [    0.034857] CPU: Virtualization extensions available.
Jan  1 00:00:07 gautam-Inspiron-1420 kernel: [    0.035426] devtmpfs: initialized
Jan  1 00:00:07 gautam-Inspiron-1420 kernel: [    0.046463] xor: measuring software checksum speed
Jan  1 00:00:07 gautam-Inspiron-1420 kernel: [    0.092497]    arm4regs  :  1764.800 MB/sec
Jan  1 00:00:07 gautam-Inspiron-1420 kernel: [    0.141734]    8regs     :  1743.200 MB/sec
Jan  1 00:00:07 gautam-Inspiron-1420 kernel: [    0.190973]    32regs    :  1424.000 MB/sec
Jan  1 00:00:07 gautam-Inspiron-1420 kernel: [    0.190985] xor: using function: arm4regs (1764.800 MB/sec)
Jan  1 00:00:07 gautam-Inspiron-1420 kernel: [    0.190998] pinctrl core: initialized pinctrl subsystem
Jan  1 00:00:07 gautam-Inspiron-1420 kernel: [    0.191491] regulator-dummy: no parameters
Jan  1 00:00:07 gautam-Inspiron-1420 kernel: [    0.192667] NET: Registered protocol family 16
Jan  1 00:00:07 gautam-Inspiron-1420 kernel: [    0.193759] DMA: preallocated 256 KiB pool for atomic coherent allocations
Jan  1 00:00:07 gautam-Inspiron-1420 kernel: [    0.205089] hw-breakpoint: found 5 (+1 reserved) breakpoint and 4 watchpoint registers.
Jan  1 00:00:07 gautam-Inspiron-1420 kernel: [    0.205109] hw-breakpoint: maximum watchpoint size is 8 bytes.
Jan  1 00:00:07 gautam-Inspiron-1420 kernel: [    0.205150] S3C Power Management, Copyright 2004 Simtec Electronics
Jan  1 00:00:07 gautam-Inspiron-1420 kernel: [    0.205253] EXYNOS5250 PMU Initialize
Jan  1 00:00:07 gautam-Inspiron-1420 kernel: [    0.205263] EXYNOS: Initializing architecture
Jan  1 00:00:07 gautam-Inspiron-1420 kernel: [    0.221866] bio: create slab <bio-0> at 0
Jan  1 00:00:07 gautam-Inspiron-1420 kernel: [    0.304372] raid6: int32x1    196 MB/s
Jan  1 00:00:07 gautam-Inspiron-1420 kernel: [    0.388113] raid6: int32x2    295 MB/s
Jan  1 00:00:07 gautam-Inspiron-1420 kernel: [    0.471882] raid6: int32x4    327 MB/s
Jan  1 00:00:07 gautam-Inspiron-1420 kernel: [    0.555428] raid6: int32x8    472 MB/s
Jan  1 00:00:07 gautam-Inspiron-1420 kernel: [    0.555439] raid6: using algorithm int32x8 (472 MB/s)
Jan  1 00:00:07 gautam-Inspiron-1420 kernel: [    0.555449] raid6: using intx1 recovery algorithm
Jan  1 00:00:07 gautam-Inspiron-1420 kernel: [    0.555857] VDD_33ON_2.8V: 2800 mV 
Jan  1 00:00:07 gautam-Inspiron-1420 kernel: [    0.556068] hdmi-en: no parameters
Jan  1 00:00:07 gautam-Inspiron-1420 kernel: [    0.556962] SCSI subsystem initialized
Jan  1 00:00:07 gautam-Inspiron-1420 kernel: [    0.557289] libata version 3.00 loaded.
Jan  1 00:00:07 gautam-Inspiron-1420 kernel: [    0.557778] usbcore: registered new interface driver usbfs
Jan  1 00:00:07 gautam-Inspiron-1420 kernel: [    0.557892] usbcore: registered new interface driver hub
Jan  1 00:00:07 gautam-Inspiron-1420 kernel: [    0.558037] usbcore: registered new device driver usb
Jan  1 00:00:07 gautam-Inspiron-1420 kernel: [    0.558557] s3c-i2c 12c60000.i2c: slave address 0x66
Jan  1 00:00:07 gautam-Inspiron-1420 kernel: [    0.558574] s3c-i2c 12c60000.i2c: bus frequency set to 18 KHz
Jan  1 00:00:07 gautam-Inspiron-1420 kernel: [    0.559145] sec_pmic 0-0066: No interrupt specified, no interrupts
Jan  1 00:00:07 gautam-Inspiron-1420 kernel: [    0.559547] sec_pmic 0-0066: no op_mode property property at /i2c@12C60000/s5m8767_pmic@66/regulators/BUCK3
Jan  1 00:00:07 gautam-Inspiron-1420 kernel: [    0.604706] VDD_ALIVE_1.0V: 1100 mV 
Jan  1 00:00:07 gautam-Inspiron-1420 kernel: [    0.629348] VDD_28IO_DP_1.35V: 1200 mV 
Jan  1 00:00:07 gautam-Inspiron-1420 kernel: [    0.653993] VDD_COMMON1_1.8V: 1800 mV 
Jan  1 00:00:07 gautam-Inspiron-1420 kernel: [    0.673707] VDD_IOPERI_1.8V: 1800 mV 
Jan  1 00:00:07 gautam-Inspiron-1420 kernel: [    0.698354] VDD_EXT_1.8V: 1800 mV 
Jan  1 00:00:07 gautam-Inspiron-1420 kernel: [    0.722991] VDD_MPLL_1.1V: 1100 mV 
Jan  1 00:00:07 gautam-Inspiron-1420 kernel: [    0.747631] VDD_XPLL_1.1V: 1100 mV 
Jan  1 00:00:07 gautam-Inspiron-1420 kernel: [    0.772276] VDD_COMMON2_1.0V: 1000 mV 
Jan  1 00:00:07 gautam-Inspiron-1420 kernel: [    0.791993] VDD_33ON_3.0V: 3000 mV 
Jan  1 00:00:07 gautam-Inspiron-1420 kernel: [    0.816640] VDD_COMMON3_1.8V: 1800 mV 
Jan  1 00:00:07 gautam-Inspiron-1420 kernel: [    0.841277] VDD_ABB2_1.8V: 1800 mV 
Jan  1 00:00:07 gautam-Inspiron-1420 kernel: [    0.865918] VDD_USB_3.0V: 3000 mV 
Jan  1 00:00:07 gautam-Inspiron-1420 kernel: [    0.890565] VDDQ_C2C_W_1.8V: 1800 mV 
Jan  1 00:00:07 gautam-Inspiron-1420 kernel: [    0.915206] VDD18_ABB0_3_1.8V: 1800 mV 
Jan  1 00:00:07 gautam-Inspiron-1420 kernel: [    0.939849] VDD10_COMMON4_1.0V: 1000 mV 
Jan  1 00:00:07 gautam-Inspiron-1420 kernel: [    0.964494] VDD18_HSIC_1.8V: 1800 mV 
Jan  1 00:00:07 gautam-Inspiron-1420 kernel: [    0.989134] VDDQ_MMC2_3_2.8V: 2800 mV 
Jan  1 00:00:07 gautam-Inspiron-1420 kernel: [    1.008858] VDD_33ON_2.8V: 2800 mV 
Jan  1 00:00:07 gautam-Inspiron-1420 kernel: [    1.013797] VDD_33ON_2.8V: Failed to create debugfs directory
Jan  1 00:00:07 gautam-Inspiron-1420 kernel: [    1.028571] EXT_33_OFF: 3300 mV 
Jan  1 00:00:07 gautam-Inspiron-1420 kernel: [    1.048287] EXT_28_OFF: 2800 mV 
Jan  1 00:00:07 gautam-Inspiron-1420 kernel: [    1.068001] PVDD_LDO25: 1200 mV 
Jan  1 00:00:07 gautam-Inspiron-1420 kernel: [    1.087714] EXT_18_OFF: 1800 mV 
Jan  1 00:00:07 gautam-Inspiron-1420 kernel: [    1.102495] vdd_mif: 950 <--> 1200 mV at 1000 mV 
Jan  1 00:00:07 gautam-Inspiron-1420 kernel: [    1.117282] vdd_arm: 925 <--> 1300 mV at 1100 mV 
Jan  1 00:00:07 gautam-Inspiron-1420 kernel: [    1.132066] vdd_int: 900 <--> 1200 mV at 1000 mV 
Jan  1 00:00:07 gautam-Inspiron-1420 kernel: [    1.146852] vdd_g3d: 850 <--> 1300 mV at 1000 mV 
Jan  1 00:00:07 gautam-Inspiron-1420 kernel: [    1.161658] VDD_MEM_1.35V: 750 <--> 1350 mV at 1200 mV 
Jan  1 00:00:07 gautam-Inspiron-1420 kernel: [    1.171494] VDD_33_OFF_EXT1: 750 <--> 3000 mV at 2850 mV 
Jan  1 00:00:07 gautam-Inspiron-1420 kernel: [    1.176602] s3c-i2c 12c60000.i2c: i2c-0: S3C I2C adapter
Jan  1 00:00:07 gautam-Inspiron-1420 kernel: [    1.176699] s3c-i2c 12c80000.i2c: slave address 0x50
Jan  1 00:00:07 gautam-Inspiron-1420 kernel: [    1.176714] s3c-i2c 12c80000.i2c: bus frequency set to 65 KHz
Jan  1 00:00:07 gautam-Inspiron-1420 kernel: [    1.177131] s3c-i2c 12c80000.i2c: i2c-2: S3C I2C adapter
Jan  1 00:00:07 gautam-Inspiron-1420 kernel: [    1.177200] s3c-i2c 12ce0000.i2c: slave address 0x38
Jan  1 00:00:07 gautam-Inspiron-1420 kernel: [    1.177214] s3c-i2c 12ce0000.i2c: bus frequency set to 65 KHz
Jan  1 00:00:07 gautam-Inspiron-1420 kernel: [    1.177613] s3c-i2c 12ce0000.i2c: i2c-8: S3C I2C adapter
Jan  1 00:00:07 gautam-Inspiron-1420 kernel: [    1.178716] NetLabel: Initializing
Jan  1 00:00:07 gautam-Inspiron-1420 kernel: [    1.178729] NetLabel:  domain hash size = 128
Jan  1 00:00:07 gautam-Inspiron-1420 kernel: [    1.178739] NetLabel:  protocols = UNLABELED CIPSOv4
Jan  1 00:00:07 gautam-Inspiron-1420 kernel: [    1.178799] NetLabel:  unlabeled traffic allowed by default
Jan  1 00:00:07 gautam-Inspiron-1420 kernel: [    1.178893] Switching to clocksource arch_sys_counter
Jan  1 00:00:07 gautam-Inspiron-1420 kernel: [    1.192007] AppArmor: AppArmor Filesystem Enabled
Jan  1 00:00:07 gautam-Inspiron-1420 kernel: [    1.203466] NET: Registered protocol family 2
Jan  1 00:00:07 gautam-Inspiron-1420 kernel: [    1.203890] TCP established hash table entries: 16384 (order: 5, 131072 bytes)
Jan  1 00:00:07 gautam-Inspiron-1420 kernel: [    1.204167] TCP bind hash table entries: 16384 (order: 6, 327680 bytes)
Jan  1 00:00:07 gautam-Inspiron-1420 kernel: [    1.204474] TCP: Hash tables configured (established 16384 bind 16384)
Jan  1 00:00:07 gautam-Inspiron-1420 kernel: [    1.204521] TCP: reno registered
Jan  1 00:00:07 gautam-Inspiron-1420 kernel: [    1.204538] UDP hash table entries: 1024 (order: 3, 49152 bytes)
Jan  1 00:00:07 gautam-Inspiron-1420 kernel: [    1.204605] UDP-Lite hash table entries: 1024 (order: 3, 49152 bytes)
Jan  1 00:00:07 gautam-Inspiron-1420 kernel: [    1.204831] NET: Registered protocol family 1
Jan  1 00:00:07 gautam-Inspiron-1420 kernel: [    1.205046] RPC: Registered named UNIX socket transport module.
Jan  1 00:00:07 gautam-Inspiron-1420 kernel: [    1.205060] RPC: Registered udp transport module.
Jan  1 00:00:07 gautam-Inspiron-1420 kernel: [    1.205070] RPC: Registered tcp transport module.
Jan  1 00:00:07 gautam-Inspiron-1420 kernel: [    1.205080] RPC: Registered tcp NFSv4.1 backchannel transport module.
Jan  1 00:00:07 gautam-Inspiron-1420 kernel: [    1.205219] Trying to unpack rootfs image as initramfs...
Jan  1 00:00:07 gautam-Inspiron-1420 kernel: [    1.317433] Freeing initrd memory: 2540K (82001000 - 8227c000)
Jan  1 00:00:07 gautam-Inspiron-1420 kernel: [    1.317632] hw perfevents: enabled with ARMv7_Cortex_A15 PMU driver, 7 counters available
Jan  1 00:00:07 gautam-Inspiron-1420 kernel: [    1.318657] audit: initializing netlink socket (disabled)
Jan  1 00:00:07 gautam-Inspiron-1420 kernel: [    1.318693] type=2000 audit(1.325:1): initialized
Jan  1 00:00:07 gautam-Inspiron-1420 kernel: [    1.319726] bounce pool size: 64 pages
Jan  1 00:00:07 gautam-Inspiron-1420 kernel: [    1.319882] VFS: Disk quotas dquot_6.5.2
Jan  1 00:00:07 gautam-Inspiron-1420 kernel: [    1.319989] Dquot-cache hash table entries: 1024 (order 0, 4096 bytes)
Jan  1 00:00:07 gautam-Inspiron-1420 kernel: [    1.320693] NFS: Registering the id_resolver key type
Jan  1 00:00:07 gautam-Inspiron-1420 kernel: [    1.320738] Key type id_resolver registered
Jan  1 00:00:07 gautam-Inspiron-1420 kernel: [    1.320750] Key type id_legacy registered
Jan  1 00:00:07 gautam-Inspiron-1420 kernel: [    1.320783] jffs2: version 2.2. (NAND) (SUMMARY)  Â© 2001-2006 Red Hat, Inc.
Jan  1 00:00:07 gautam-Inspiron-1420 kernel: [    1.321214] bio: create slab <bio-1> at 1
Jan  1 00:00:07 gautam-Inspiron-1420 kernel: [    1.321534] Btrfs loaded
Jan  1 00:00:07 gautam-Inspiron-1420 kernel: [    1.321554] msgmni has been set to 3484
Jan  1 00:00:07 gautam-Inspiron-1420 kernel: [    1.322175] Block layer SCSI generic (bsg) driver version 0.4 loaded (major 253)
Jan  1 00:00:07 gautam-Inspiron-1420 kernel: [    1.322193] io scheduler noop registered
Jan  1 00:00:07 gautam-Inspiron-1420 kernel: [    1.322203] io scheduler deadline registered
Jan  1 00:00:07 gautam-Inspiron-1420 kernel: [    1.322236] io scheduler cfq registered (default)
Jan  1 00:00:07 gautam-Inspiron-1420 kernel: [    1.335106] dma-pl330 121a0000.pdma: Loaded driver for PL330 DMAC-2364208
Jan  1 00:00:07 gautam-Inspiron-1420 kernel: [    1.335126] dma-pl330 121a0000.pdma: 	DBUFF-32x4bytes Num_Chans-8 Num_Peri-32 Num_Events-32
Jan  1 00:00:07 gautam-Inspiron-1420 kernel: [    1.339384] dma-pl330 121b0000.pdma: Loaded driver for PL330 DMAC-2364208
Jan  1 00:00:07 gautam-Inspiron-1420 kernel: [    1.339403] dma-pl330 121b0000.pdma: 	DBUFF-32x4bytes Num_Chans-8 Num_Peri-32 Num_Events-32
Jan  1 00:00:07 gautam-Inspiron-1420 kernel: [    1.340591] dma-pl330 10800000.mdma: Loaded driver for PL330 DMAC-2364208
Jan  1 00:00:07 gautam-Inspiron-1420 kernel: [    1.340608] dma-pl330 10800000.mdma: 	DBUFF-64x8bytes Num_Chans-8 Num_Peri-1 Num_Events-32
Jan  1 00:00:07 gautam-Inspiron-1420 kernel: [    1.341837] dma-pl330 11c10000.mdma: Loaded driver for PL330 DMAC-2364208
Jan  1 00:00:07 gautam-Inspiron-1420 kernel: [    1.341853] dma-pl330 11c10000.mdma: 	DBUFF-64x8bytes Num_Chans-8 Num_Peri-1 Num_Events-32
Jan  1 00:00:07 gautam-Inspiron-1420 kernel: [    1.417269] Serial: 8250/16550 driver, 4 ports, IRQ sharing disabled
Jan  1 00:00:07 gautam-Inspiron-1420 kernel: [    1.418477] 12c00000.serial: ttySAC0 at MMIO 0x12c00000 (irq = 83) is a S3C6400/10
Jan  1 00:00:07 gautam-Inspiron-1420 kernel: [    1.418756] 12c10000.serial: ttySAC1 at MMIO 0x12c10000 (irq = 84) is a S3C6400/10
Jan  1 00:00:07 gautam-Inspiron-1420 kernel: [    1.419015] 12c20000.serial: ttySAC2 at MMIO 0x12c20000 (irq = 85) is a S3C6400/10
Jan  1 00:00:07 gautam-Inspiron-1420 kernel: [    2.307260] console [ttySAC2] enabled
Jan  1 00:00:07 gautam-Inspiron-1420 kernel: [    2.311151] 12c30000.serial: ttySAC3 at MMIO 0x12c30000 (irq = 86) is a S3C6400/10
Jan  1 00:00:07 gautam-Inspiron-1420 kernel: [    2.318826] [drm] Initialized drm 1.1.0 20060810
Jan  1 00:00:07 gautam-Inspiron-1420 kernel: [    2.329495] i2c i2c-2: attached exynos4210-hdmiddc into i2c adapter successfully
Jan  1 00:00:07 gautam-Inspiron-1420 kernel: [    2.335487] i2c i2c-8: attached s5p_hdmiphy into i2c adapter successfully
Jan  1 00:00:07 gautam-Inspiron-1420 kernel: [    2.342446] exynos-mixer 14450000.mixer: probe start
Jan  1 00:00:07 gautam-Inspiron-1420 kernel: [    2.348098] [drm] Supports vblank timestamp caching Rev 1 (10.10.2010).
Jan  1 00:00:07 gautam-Inspiron-1420 kernel: [    2.353361] [drm] No driver support for vblank timestamp query.
Jan  1 00:00:07 gautam-Inspiron-1420 kernel: [    2.359633] [drm] Got external EDID base block and 0 extensions from "edid-1920x1080.fw" for connector "HDMI-A-1"
Jan  1 00:00:07 gautam-Inspiron-1420 kernel: [    2.509501] Console: switching to colour frame buffer device 240x202
Jan  1 00:00:07 gautam-Inspiron-1420 kernel: [    2.579840] exynos-drm exynos-drm: fb0:  frame buffer device
Jan  1 00:00:07 gautam-Inspiron-1420 kernel: [    2.585379] exynos-drm exynos-drm: registered panic notifier
Jan  1 00:00:07 gautam-Inspiron-1420 kernel: [    2.590934] [drm] Initialized exynos 1.0.0 20110530 on minor 0
Jan  1 00:00:07 gautam-Inspiron-1420 kernel: [    2.596823] v4 support
Jan  1 00:00:07 gautam-Inspiron-1420 kernel: [    2.611028] mali 11800000.mali: GPU identified as 0x6956 r0p0 status 1
Jan  1 00:00:07 gautam-Inspiron-1420 kernel: [    2.616506] mali 11800000.mali: Probed as mali0
Jan  1 00:00:07 gautam-Inspiron-1420 kernel: [    2.620836] UMP<2>:
Jan  1 00:00:07 gautam-Inspiron-1420 kernel: [    2.620836] Inserting UMP device driver. Compiled: Aug 26 2014, time: 12:25:58
Jan  1 00:00:07 gautam-Inspiron-1420 kernel: [    2.621126] UMP: UMP device driver 1.0 loaded
Jan  1 00:00:07 gautam-Inspiron-1420 kernel: [    2.631588] brd: module loaded
Jan  1 00:00:07 gautam-Inspiron-1420 kernel: [    2.636739] loop: module loaded
Jan  1 00:00:07 gautam-Inspiron-1420 kernel: [    2.639607] mtdoops: mtd device (mtddev=name/number) must be supplied
Jan  1 00:00:07 gautam-Inspiron-1420 kernel: [    2.644859] tun: Universal TUN/TAP device driver, 1.6
Jan  1 00:00:07 gautam-Inspiron-1420 kernel: [    2.649749] tun: (C) 1999-2004 Max Krasnyansky <maxk@qualcomm.com>
Jan  1 00:00:07 gautam-Inspiron-1420 kernel: [    2.656255] usbcore: registered new interface driver asix
Jan  1 00:00:07 gautam-Inspiron-1420 kernel: [    2.661222] usbcore: registered new interface driver ax88179_178a
Jan  1 00:00:07 gautam-Inspiron-1420 kernel: [    2.667564] usbcore: registered new interface driver cdc_ether
Jan  1 00:00:07 gautam-Inspiron-1420 kernel: [    2.672928] usbcore: registered new interface driver net1080
Jan  1 00:00:07 gautam-Inspiron-1420 kernel: [    2.678466] usbcore: registered new interface driver cdc_subset
Jan  1 00:00:07 gautam-Inspiron-1420 kernel: [    2.684282] usbcore: registered new interface driver zaurus
Jan  1 00:00:07 gautam-Inspiron-1420 kernel: [    2.689838] usbcore: registered new interface driver cdc_ncm
Jan  1 00:00:07 gautam-Inspiron-1420 kernel: [    2.695193] ehci_hcd: USB 2.0 'Enhanced' Host Controller (EHCI) Driver
Jan  1 00:00:07 gautam-Inspiron-1420 kernel: [    2.701594] ehci-s5p: EHCI s5p driver
Jan  1 00:00:07 gautam-Inspiron-1420 kernel: [    2.705218] unable to find transceiver of type USB2 PHY
Jan  1 00:00:07 gautam-Inspiron-1420 kernel: [    2.710306] s5p-ehci 12110000.usb: no platform data or transceiver defined
Jan  1 00:00:07 gautam-Inspiron-1420 kernel: [    2.717082] platform 12110000.usb: Driver s5p-ehci requests probe deferral
Jan  1 00:00:07 gautam-Inspiron-1420 kernel: [    2.723940] ohci_hcd: USB 1.1 'Open' Host Controller (OHCI) Driver
Jan  1 00:00:07 gautam-Inspiron-1420 kernel: [    2.730098] unable to find transceiver of type USB2 PHY
Jan  1 00:00:07 gautam-Inspiron-1420 kernel: [    2.734998] exynos-ohci 12120000.usb: no platform data or transceiver defined
Jan  1 00:00:07 gautam-Inspiron-1420 kernel: [    2.742032] platform 12120000.usb: Driver exynos-ohci requests probe deferral
Jan  1 00:00:07 gautam-Inspiron-1420 kernel: [    2.749905] mousedev: PS/2 mouse device common for all mice
Jan  1 00:00:07 gautam-Inspiron-1420 kernel: [    2.755810] Exynos: Kernel Thermal management registered
Jan  1 00:00:07 gautam-Inspiron-1420 kernel: [    2.760057] device-mapper: ioctl: 4.24.0-ioctl (2013-01-15) initialised: dm-devel@redhat.com
Jan  1 00:00:07 gautam-Inspiron-1420 kernel: [    2.768271] cpuidle: using governor ladder
Jan  1 00:00:07 gautam-Inspiron-1420 kernel: [    2.772036] cpuidle: using governor menu
Jan  1 00:00:07 gautam-Inspiron-1420 kernel: [    2.775901] Synopsys Designware Multimedia Card Interface Driver
Jan  1 00:00:07 gautam-Inspiron-1420 kernel: [    2.782304] dwmmc_exynos 12200000.dwmmc0: Using internal DMA controller.
Jan  1 00:00:07 gautam-Inspiron-1420 kernel: [    2.788331] dwmmc_exynos 12200000.dwmmc0: Version ID is 241a
Jan  1 00:00:07 gautam-Inspiron-1420 kernel: [    2.793952] dwmmc_exynos 12200000.dwmmc0: DW MMC controller at irq 107, 32 bit host data width, 128 deep fifo
Jan  1 00:00:07 gautam-Inspiron-1420 kernel: [    2.817306] mmc_host mmc0: Bus speed (slot 0) = 100000000Hz (slot req 400000Hz, actual 400000HZ div = 125)
Jan  1 00:00:07 gautam-Inspiron-1420 kernel: [    2.837025] dwmmc_exynos 12200000.dwmmc0: 1 slots initialized
Jan  1 00:00:07 gautam-Inspiron-1420 kernel: [    2.841994] dwmmc_exynos 12220000.dwmmc2: Using internal DMA controller.
Jan  1 00:00:07 gautam-Inspiron-1420 kernel: [    2.847932] dwmmc_exynos 12220000.dwmmc2: Version ID is 241a
Jan  1 00:00:07 gautam-Inspiron-1420 kernel: [    2.853536] dwmmc_exynos 12220000.dwmmc2: DW MMC controller at irq 109, 32 bit host data width, 128 deep fifo
Jan  1 00:00:07 gautam-Inspiron-1420 kernel: [    2.876347] mmc_host mmc1: Bus speed (slot 0) = 100000000Hz (slot req 400000Hz, actual 400000HZ div = 125)
Jan  1 00:00:07 gautam-Inspiron-1420 kernel: [    2.884579] mmc0: BKOPS_EN bit is not set
Jan  1 00:00:07 gautam-Inspiron-1420 kernel: [    2.889593] mmc_host mmc0: Bus speed (slot 0) = 100000000Hz (slot req 52000000Hz, actual 50000000HZ div = 1)
Jan  1 00:00:07 gautam-Inspiron-1420 kernel: [    2.898197] dwmmc_exynos 12220000.dwmmc2: 1 slots initialized
Jan  1 00:00:07 gautam-Inspiron-1420 kernel: [    2.898385] mmc0: new high speed DDR MMC card at address 0001
Jan  1 00:00:07 gautam-Inspiron-1420 kernel: [    2.899000] mmcblk0: mmc0:0001 M8G1WA 7.28 GiB 
Jan  1 00:00:07 gautam-Inspiron-1420 kernel: [    2.899215] mmcblk0boot0: mmc0:0001 M8G1WA partition 1 2.00 MiB
Jan  1 00:00:07 gautam-Inspiron-1420 kernel: [    2.899403] mmcblk0boot1: mmc0:0001 M8G1WA partition 2 2.00 MiB
Jan  1 00:00:07 gautam-Inspiron-1420 kernel: [    2.899599] mmcblk0rpmb: mmc0:0001 M8G1WA partition 3 128 KiB
Jan  1 00:00:07 gautam-Inspiron-1420 kernel: [    2.900591]  mmcblk0: p1 p2 p3 p4
Jan  1 00:00:07 gautam-Inspiron-1420 kernel: [    2.904222]  mmcblk0boot1: unknown partition table
Jan  1 00:00:07 gautam-Inspiron-1420 kernel: [    2.905470]  mmcblk0boot0: unknown partition table
Jan  1 00:00:07 gautam-Inspiron-1420 kernel: [    2.944169] usbcore: registered new interface driver usbhid
Jan  1 00:00:07 gautam-Inspiron-1420 kernel: [    2.949150] usbhid: USB HID core driver
Jan  1 00:00:07 gautam-Inspiron-1420 kernel: [    2.953391] oprofile: using timer interrupt.
Jan  1 00:00:07 gautam-Inspiron-1420 kernel: [    2.954080] mmc_host mmc1: Bus speed (slot 0) = 100000000Hz (slot req 50000000Hz, actual 50000000HZ div = 1)
Jan  1 00:00:07 gautam-Inspiron-1420 kernel: [    2.954154] mmc1: new high speed SDHC card at address 1234
Jan  1 00:00:07 gautam-Inspiron-1420 kernel: [    2.954733] mmcblk1: mmc1:1234 SA16G 14.4 GiB 
Jan  1 00:00:07 gautam-Inspiron-1420 kernel: [    2.956428]  mmcblk1: p1 p2 p3
Jan  1 00:00:07 gautam-Inspiron-1420 kernel: [    2.979657] TCP: cubic registered
Jan  1 00:00:07 gautam-Inspiron-1420 kernel: [    2.982664] Initializing XFRM netlink socket
Jan  1 00:00:07 gautam-Inspiron-1420 kernel: [    2.986936] NET: Registered protocol family 10
Jan  1 00:00:07 gautam-Inspiron-1420 kernel: [    2.991631] sit: IPv6 over IPv4 tunneling driver
Jan  1 00:00:07 gautam-Inspiron-1420 kernel: [    2.996344] NET: Registered protocol family 17
Jan  1 00:00:07 gautam-Inspiron-1420 kernel: [    3.000141] NET: Registered protocol family 15
Jan  1 00:00:07 gautam-Inspiron-1420 kernel: [    3.004584] Key type dns_resolver registered
Jan  1 00:00:07 gautam-Inspiron-1420 kernel: [    3.008723] VFP support v0.3: implementor 41 architecture 4 part 30 variant f rev 0
Jan  1 00:00:07 gautam-Inspiron-1420 kernel: [    3.016196] Registering SWP/SWPB emulation handler
Jan  1 00:00:07 gautam-Inspiron-1420 kernel: [    3.021198] mfc-power-domain: Power-off latency exceeded, new value 272542 ns
Jan  1 00:00:07 gautam-Inspiron-1420 kernel: [    3.027935] gsc-power-domain: Power-off latency exceeded, new value 7036958 ns
Jan  1 00:00:07 gautam-Inspiron-1420 kernel: [    3.036767] EXT_28_OFF: disabling
Jan  1 00:00:07 gautam-Inspiron-1420 kernel: [    3.044925] VDD_33ON_2.8V: disabling
Jan  1 00:00:07 gautam-Inspiron-1420 kernel: [    3.053342] regulator-dummy: disabling
Jan  1 00:00:07 gautam-Inspiron-1420 kernel: [    3.056948] s5p-ehci 12110000.usb: EHCI Host Controller
Jan  1 00:00:07 gautam-Inspiron-1420 kernel: [    3.060819] s5p-ehci 12110000.usb: new USB bus registered, assigned bus number 1
Jan  1 00:00:07 gautam-Inspiron-1420 kernel: [    3.068330] s5p-ehci 12110000.usb: irq 103, io mem 0x12110000
Jan  1 00:00:07 gautam-Inspiron-1420 kernel: [    3.082986] s5p-ehci 12110000.usb: USB 2.0 started, EHCI 1.00
Jan  1 00:00:07 gautam-Inspiron-1420 kernel: [    3.087846] hub 1-0:1.0: USB hub found
Jan  1 00:00:07 gautam-Inspiron-1420 kernel: [    3.090943] hub 1-0:1.0: 3 ports detected
Jan  1 00:00:07 gautam-Inspiron-1420 kernel: [    3.095174] samsung-usb2phy 12130000.usbphy: Already power on PHY
Jan  1 00:00:07 gautam-Inspiron-1420 kernel: [    3.100879] exynos-ohci 12120000.usb: EXYNOS OHCI Host Controller
Jan  1 00:00:07 gautam-Inspiron-1420 kernel: [    3.106863] exynos-ohci 12120000.usb: new USB bus registered, assigned bus number 2
Jan  1 00:00:07 gautam-Inspiron-1420 kernel: [    3.114414] exynos-ohci 12120000.usb: irq 103, io mem 0x12120000
Jan  1 00:00:07 gautam-Inspiron-1420 kernel: [    3.176015] hub 2-0:1.0: USB hub found
Jan  1 00:00:07 gautam-Inspiron-1420 kernel: [    3.178335] hub 2-0:1.0: 3 ports detected
Jan  1 00:00:07 gautam-Inspiron-1420 kernel: [    3.183176] input: gpio_keys.3 as /devices/gpio_keys.3/input/input0
Jan  1 00:00:07 gautam-Inspiron-1420 kernel: [    3.188794] /home/buildslave/workspace/linux-linaro-stable-lsk-arndale-mali/drivers/rtc/hctosys.c: unable to open rtc device (rtc0)
Jan  1 00:00:07 gautam-Inspiron-1420 kernel: [    3.213162] Freeing unused kernel memory: 356K (80670000 - 806c9000)
Jan  1 00:00:07 gautam-Inspiron-1420 kernel: [    3.241737] systemd-udevd[1242]: starting version 204
Jan  1 00:00:07 gautam-Inspiron-1420 kernel: [    3.407714] usb 1-3: new high-speed USB device number 2 using s5p-ehci
Jan  1 00:00:07 gautam-Inspiron-1420 kernel: [    3.541316] hub 1-3:1.0: USB hub found
Jan  1 00:00:07 gautam-Inspiron-1420 kernel: [    3.543705] hub 1-3:1.0: 3 ports detected
Jan  1 00:00:07 gautam-Inspiron-1420 kernel: [    3.796361] EXT4-fs (mmcblk1p3): mounted filesystem with ordered data mode. Opts: (null)
Jan  1 00:00:07 gautam-Inspiron-1420 kernel: [    3.826224] usb 1-3.2: new high-speed USB device number 3 using s5p-ehci
Jan  1 00:00:07 gautam-Inspiron-1420 kernel: [    3.938190] hub 1-3.2:1.0: USB hub found
Jan  1 00:00:07 gautam-Inspiron-1420 kernel: [    3.941599] hub 1-3.2:1.0: 4 ports detected
Jan  1 00:00:07 gautam-Inspiron-1420 kernel: [    4.210241] usb 1-3.2.3: new low-speed USB device number 4 using s5p-ehci
Jan  1 00:00:07 gautam-Inspiron-1420 kernel: [    4.320437] input: Dell Dell USB Entry Keyboard as /devices/12110000.usb/usb1/1-3/1-3.2/1-3.2.3/1-3.2.3:1.0/input/input1
Jan  1 00:00:07 gautam-Inspiron-1420 kernel: [    4.331399] hid-generic 0003:413C:2107.0001: input: USB HID v1.10 Keyboard [Dell Dell USB Entry Keyboard] on usb-12110000.usb-3.2.3/input0
Jan  1 00:00:07 gautam-Inspiron-1420 kernel: [    4.412234] usb 1-3.2.4: new high-speed USB device number 5 using s5p-ehci
Jan  1 00:00:07 gautam-Inspiron-1420 kernel: [    4.516735] asix 1-3.2.4:1.0 (unregistered net_device): invalid hw address, using random
Jan  1 00:00:07 gautam-Inspiron-1420 kernel: [    4.582223] init: plymouth-upstart-bridge main process (1294) terminated with status 1
Jan  1 00:00:07 gautam-Inspiron-1420 kernel: [    4.588716] init: plymouth-upstart-bridge main process ended, respawning
Jan  1 00:00:07 gautam-Inspiron-1420 kernel: [    4.607961] init: plymouth-upstart-bridge main process (1307) terminated with status 1
Jan  1 00:00:07 gautam-Inspiron-1420 kernel: [    4.615186] init: plymouth-upstart-bridge main process ended, respawning
Jan  1 00:00:07 gautam-Inspiron-1420 kernel: [    4.621994] init: ureadahead main process (1296) terminated with status 5
Jan  1 00:00:07 gautam-Inspiron-1420 kernel: [    4.646373] init: plymouth-upstart-bridge main process (1310) terminated with status 1
Jan  1 00:00:07 gautam-Inspiron-1420 kernel: [    4.652890] init: plymouth-upstart-bridge main process ended, respawning
Jan  1 00:00:07 gautam-Inspiron-1420 kernel: [    4.668193] init: plymouth-upstart-bridge main process (1314) terminated with status 1
Jan  1 00:00:07 gautam-Inspiron-1420 kernel: [    4.675030] init: plymouth-upstart-bridge main process ended, respawning
Jan  1 00:00:07 gautam-Inspiron-1420 kernel: [    4.855260] asix 1-3.2.4:1.0 eth0: register 'asix' at usb-12110000.usb-3.2.4, ASIX AX88772 USB 2.0 Ethernet, 3e:e3:80:6b:7c:25
Jan  1 00:00:07 gautam-Inspiron-1420 kernel: [    6.533012] EXT4-fs (mmcblk1p3): re-mounted. Opts: (null)
Jan  1 00:00:07 gautam-Inspiron-1420 kernel: [    7.103323] systemd-udevd[1431]: starting version 208
Jan  1 00:00:08 gautam-Inspiron-1420 dhclient: Internet Systems Consortium DHCP Client 4.2.4
Jan  1 00:00:08 gautam-Inspiron-1420 dhclient: Copyright 2004-2012 Internet Systems Consortium.
Jan  1 00:00:08 gautam-Inspiron-1420 dhclient: All rights reserved.
Jan  1 00:00:08 gautam-Inspiron-1420 dhclient: For info, please visit https://www.isc.org/software/dhcp/
Jan  1 00:00:08 gautam-Inspiron-1420 dhclient: 
Jan  1 00:00:08 gautam-Inspiron-1420 kernel: [    8.834625] IPv6: ADDRCONF(NETDEV_UP): eth0: link is not ready
Jan  1 00:00:09 gautam-Inspiron-1420 kernel: [    8.875741] asix 1-3.2.4:1.0 eth0: link down
Jan  1 00:00:09 gautam-Inspiron-1420 dhclient: Listening on LPF/eth0/3e:e3:80:6b:7c:25
Jan  1 00:00:09 gautam-Inspiron-1420 dhclient: Sending on   LPF/eth0/3e:e3:80:6b:7c:25
Jan  1 00:00:09 gautam-Inspiron-1420 dhclient: Sending on   Socket/fallback
Jan  1 00:00:09 gautam-Inspiron-1420 dhclient: DHCPDISCOVER on eth0 to 255.255.255.255 port 67 interval 3 (xid=0x354ec944)
Jan  1 00:00:09 gautam-Inspiron-1420 failsafe: Failsafe of 120 seconds reached.
Jan  1 00:00:09 gautam-Inspiron-1420 ntpdate[1638]: Can't find host ntp.ubuntu.com: Name or service not known (-2)
Jan  1 00:00:09 gautam-Inspiron-1420 ntpdate[1638]: no servers can be used, exiting
Jan  1 00:00:10 gautam-Inspiron-1420 kernel: [   10.510730] IPv6: ADDRCONF(NETDEV_CHANGE): eth0: link becomes ready
Jan  1 00:00:10 gautam-Inspiron-1420 kernel: [   10.512515] asix 1-3.2.4:1.0 eth0: link up, 100Mbps, full-duplex, lpa 0xCDE1
Jan  1 00:00:12 gautam-Inspiron-1420 dhclient: DHCPDISCOVER on eth0 to 255.255.255.255 port 67 interval 6 (xid=0x354ec944)
Jan  1 00:00:12 gautam-Inspiron-1420 dhclient: DHCPREQUEST of 192.168.1.29 on eth0 to 255.255.255.255 port 67 (xid=0x354ec944)
Jan  1 00:00:12 gautam-Inspiron-1420 dhclient: DHCPOFFER of 192.168.1.29 from 192.168.1.1
Jan  1 00:00:12 gautam-Inspiron-1420 dhclient: DHCPACK of 192.168.1.29 from 192.168.1.1
Jan  1 00:00:12 gautam-Inspiron-1420 dhclient: bound to 192.168.1.29 -- renewal in 33569 seconds.
Jan  1 00:00:13 gautam-Inspiron-1420 kernel: [   12.956251] init: failsafe main process (1594) killed by TERM signal
Jan  1 00:00:14 gautam-Inspiron-1420 cron[1833]: (CRON) INFO (pidfile fd = 3)
Jan  1 00:00:14 gautam-Inspiron-1420 cron[1844]: (CRON) STARTUP (fork ok)
Jan  1 00:00:14 gautam-Inspiron-1420 cron[1844]: (CRON) INFO (Running @reboot jobs)
Jan  1 00:00:14 gautam-Inspiron-1420 kernel: [   14.187380] init: plymouth-upstart-bridge main process ended, respawning
Jan  1 00:00:21 gautam-Inspiron-1420 ntpdate[1696]: no server suitable for synchronization found
Jan  1 00:17:01 gautam-Inspiron-1420 CRON[5282]: (root) CMD (   cd / && run-parts --report /etc/cron.hourly)
Jan  1 00:20:23 gautam-Inspiron-1420 rsyslogd: [origin software="rsyslogd" swVersion="7.4.4" x-pid="1502" x-info="http://www.rsyslog.com"] exiting on signal 15.
Jan  1 00:00:05 gautam-Inspiron-1420 rsyslogd: [origin software="rsyslogd" swVersion="7.4.4" x-pid="1503" x-info="http://www.rsyslog.com"] start
Jan  1 00:00:05 gautam-Inspiron-1420 rsyslogd: rsyslogd's groupid changed to 103
Jan  1 00:00:05 gautam-Inspiron-1420 rsyslogd: rsyslogd's userid changed to 100
Jan  1 00:00:05 gautam-Inspiron-1420 rsyslogd-2039: Could no open output pipe '/dev/xconsole': No such file or directory [try http://www.rsyslog.com/e/2039 ]
Jan  1 00:00:05 gautam-Inspiron-1420 kernel: [    0.000000] Booting Linux on physical CPU 0x0
Jan  1 00:00:05 gautam-Inspiron-1420 kernel: [    0.000000] Linux version 3.10.37-linaro-arndale (buildslave@x86-64-07) (gcc version 4.8.3 20140401 (prerelease) (crosstool-NG linaro-1.13.1-4.8-2014.04 - Linaro GCC 4.8-2014.04) ) #1 SMP Tue Aug 26 12:26:19 UTC 2014
Jan  1 00:00:05 gautam-Inspiron-1420 kernel: [    0.000000] CPU: ARMv7 Processor [410fc0f4] revision 4 (ARMv7), cr=50c5387d
Jan  1 00:00:05 gautam-Inspiron-1420 kernel: [    0.000000] CPU: PIPT / VIPT nonaliasing data cache, PIPT instruction cache
Jan  1 00:00:05 gautam-Inspiron-1420 kernel: [    0.000000] Machine: SAMSUNG EXYNOS5 (Flattened Device Tree), model: Insignal Arndale evaluation board based on EXYNOS5250
Jan  1 00:00:05 gautam-Inspiron-1420 kernel: [    0.000000] NR_BANKS too low, ignoring high memory
Jan  1 00:00:05 gautam-Inspiron-1420 kernel: [    0.000000] cma: CMA: reserved 64 MiB at ab800000
Jan  1 00:00:05 gautam-Inspiron-1420 kernel: [    0.000000] Memory policy: ECC disabled, Data cache writealloc
Jan  1 00:00:05 gautam-Inspiron-1420 kernel: [    0.000000] CPU EXYNOS5250 (id 0x43520010)
Jan  1 00:00:05 gautam-Inspiron-1420 kernel: [    0.000000] On node 0 totalpages: 518144
Jan  1 00:00:05 gautam-Inspiron-1420 kernel: [    0.000000]   Normal zone: 3568 pages used for memmap
Jan  1 00:00:05 gautam-Inspiron-1420 kernel: [    0.000000]   Normal zone: 0 pages reserved
Jan  1 00:00:05 gautam-Inspiron-1420 kernel: [    0.000000]   Normal zone: 452608 pages, LIFO batch:31
Jan  1 00:00:05 gautam-Inspiron-1420 kernel: [    0.000000]   HighMem zone: 528 pages used for memmap
Jan  1 00:00:05 gautam-Inspiron-1420 kernel: [    0.000000]   HighMem zone: 65536 pages, LIFO batch:15
Jan  1 00:00:05 gautam-Inspiron-1420 kernel: [    0.000000] PERCPU: Embedded 9 pages/cpu @817ce000 s14464 r8192 d14208 u36864
Jan  1 00:00:05 gautam-Inspiron-1420 kernel: [    0.000000] pcpu-alloc: s14464 r8192 d14208 u36864 alloc=9*4096
Jan  1 00:00:05 gautam-Inspiron-1420 kernel: [    0.000000] pcpu-alloc: [0] 0 [0] 1 
Jan  1 00:00:05 gautam-Inspiron-1420 kernel: [    0.000000] Built 1 zonelists in Zone order, mobility grouping on.  Total pages: 514576
Jan  1 00:00:05 gautam-Inspiron-1420 kernel: [    0.000000] Kernel command line: console=tty0 console=ttySAC2,115200n8 drm_kms_helper.edid_firmware=edid-1920x1080.fw  root=UUID=a9b2def7-9fa1-423f-acb0-3725791a719b rootwait ro mac=02:0c:cc:99:a9:04
Jan  1 00:00:05 gautam-Inspiron-1420 kernel: [    0.000000] PID hash table entries: 4096 (order: 2, 16384 bytes)
Jan  1 00:00:05 gautam-Inspiron-1420 kernel: [    0.000000] Dentry cache hash table entries: 262144 (order: 8, 1048576 bytes)
Jan  1 00:00:05 gautam-Inspiron-1420 kernel: [    0.000000] Inode-cache hash table entries: 131072 (order: 7, 524288 bytes)
Jan  1 00:00:05 gautam-Inspiron-1420 kernel: [    0.000000] Memory: 48MB 216MB 1504MB 256MB = 2024MB total
Jan  1 00:00:05 gautam-Inspiron-1420 kernel: [    0.000000] Memory: 1978340k/1994724k available, 94236k reserved, 262144K highmem
Jan  1 00:00:05 gautam-Inspiron-1420 kernel: [    0.000000] Virtual kernel memory layout:
Jan  1 00:00:05 gautam-Inspiron-1420 kernel: [    0.000000]     vector  : 0xffff0000 - 0xffff1000   (   4 kB)
Jan  1 00:00:05 gautam-Inspiron-1420 kernel: [    0.000000]     fixmap  : 0xfff00000 - 0xfffe0000   ( 896 kB)
Jan  1 00:00:05 gautam-Inspiron-1420 kernel: [    0.000000]     vmalloc : 0xf0000000 - 0xff000000   ( 240 MB)
Jan  1 00:00:05 gautam-Inspiron-1420 kernel: [    0.000000]     lowmem  : 0x80000000 - 0xef800000   (1784 MB)
Jan  1 00:00:05 gautam-Inspiron-1420 kernel: [    0.000000]     pkmap   : 0x7fe00000 - 0x80000000   (   2 MB)
Jan  1 00:00:05 gautam-Inspiron-1420 kernel: [    0.000000]     modules : 0x7f800000 - 0x7fe00000   (   6 MB)
Jan  1 00:00:05 gautam-Inspiron-1420 kernel: [    0.000000]       .text : 0x80008000 - 0x8066f418   (6558 kB)
Jan  1 00:00:05 gautam-Inspiron-1420 kernel: [    0.000000]       .init : 0x80670000 - 0x806c9880   ( 359 kB)
Jan  1 00:00:05 gautam-Inspiron-1420 kernel: [    0.000000]       .data : 0x806ca000 - 0x80738000   ( 440 kB)
Jan  1 00:00:05 gautam-Inspiron-1420 kernel: [    0.000000]        .bss : 0x80738000 - 0x807aed28   ( 476 kB)
Jan  1 00:00:05 gautam-Inspiron-1420 kernel: [    0.000000] Hierarchical RCU implementation.
Jan  1 00:00:05 gautam-Inspiron-1420 kernel: [    0.000000] NR_IRQS:549
Jan  1 00:00:05 gautam-Inspiron-1420 kernel: [    0.000000] Exynos5250: clock setup completed, armclk=1000000000
Jan  1 00:00:05 gautam-Inspiron-1420 kernel: [    0.000000] Architected local timer running at 24.00MHz (phys).
Jan  1 00:00:05 gautam-Inspiron-1420 kernel: [    0.000000] Switching to timer-based delay loop
Jan  1 00:00:05 gautam-Inspiron-1420 kernel: [    0.000000] sched_clock: ARM arch timer >56 bits at 24000kHz, resolution 41ns
Jan  1 00:00:05 gautam-Inspiron-1420 kernel: [    0.000000] sched_clock: 32 bits at 200 Hz, resolution 5000000ns, wraps every 4294967291ms
Jan  1 00:00:05 gautam-Inspiron-1420 kernel: [    0.000000] Console: colour dummy device 80x30
Jan  1 00:00:05 gautam-Inspiron-1420 kernel: [    0.000000] console [tty0] enabled
Jan  1 00:00:05 gautam-Inspiron-1420 kernel: [    0.000952] Calibrating delay loop (skipped), value calculated using timer frequency.. 48.00 BogoMIPS (lpj=120000)
Jan  1 00:00:05 gautam-Inspiron-1420 kernel: [    0.000990] pid_max: default: 32768 minimum: 301
Jan  1 00:00:05 gautam-Inspiron-1420 kernel: [    0.001136] Security Framework initialized
Jan  1 00:00:05 gautam-Inspiron-1420 kernel: [    0.001166] AppArmor: AppArmor initialized
Jan  1 00:00:05 gautam-Inspiron-1420 kernel: [    0.001224] Mount-cache hash table entries: 512
Jan  1 00:00:05 gautam-Inspiron-1420 kernel: [    0.012937] CPU: Testing write buffer coherency: ok
Jan  1 00:00:05 gautam-Inspiron-1420 kernel: [    0.012982] ftrace: allocating 23319 entries in 46 pages
Jan  1 00:00:05 gautam-Inspiron-1420 kernel: [    0.033822] CPU0: thread -1, cpu 0, socket 0, mpidr 80000000
Jan  1 00:00:05 gautam-Inspiron-1420 kernel: [    0.033865] Setting up static identity map for 0x80448068 - 0x804480b4
Jan  1 00:00:05 gautam-Inspiron-1420 kernel: [    0.034920] CPU1: Booted secondary processor
Jan  1 00:00:05 gautam-Inspiron-1420 kernel: [    0.034947] CPU1: thread -1, cpu 1, socket 0, mpidr 80000001
Jan  1 00:00:05 gautam-Inspiron-1420 kernel: [    0.035016] Brought up 2 CPUs
Jan  1 00:00:05 gautam-Inspiron-1420 kernel: [    0.035043] SMP: Total of 2 processors activated (96.00 BogoMIPS).
Jan  1 00:00:05 gautam-Inspiron-1420 kernel: [    0.035053] CPU: All CPU(s) started in HYP mode.
Jan  1 00:00:05 gautam-Inspiron-1420 kernel: [    0.035063] CPU: Virtualization extensions available.
Jan  1 00:00:05 gautam-Inspiron-1420 kernel: [    0.035634] devtmpfs: initialized
Jan  1 00:00:05 gautam-Inspiron-1420 kernel: [    0.046677] xor: measuring software checksum speed
Jan  1 00:00:05 gautam-Inspiron-1420 kernel: [    0.092707]    arm4regs  :  1764.800 MB/sec
Jan  1 00:00:05 gautam-Inspiron-1420 kernel: [    0.141942]    8regs     :  1743.200 MB/sec
Jan  1 00:00:05 gautam-Inspiron-1420 kernel: [    0.191180]    32regs    :  1424.000 MB/sec
Jan  1 00:00:05 gautam-Inspiron-1420 kernel: [    0.191191] xor: using function: arm4regs (1764.800 MB/sec)
Jan  1 00:00:05 gautam-Inspiron-1420 kernel: [    0.191205] pinctrl core: initialized pinctrl subsystem
Jan  1 00:00:05 gautam-Inspiron-1420 kernel: [    0.191700] regulator-dummy: no parameters
Jan  1 00:00:05 gautam-Inspiron-1420 kernel: [    0.192876] NET: Registered protocol family 16
Jan  1 00:00:05 gautam-Inspiron-1420 kernel: [    0.193980] DMA: preallocated 256 KiB pool for atomic coherent allocations
Jan  1 00:00:05 gautam-Inspiron-1420 kernel: [    0.205330] hw-breakpoint: found 5 (+1 reserved) breakpoint and 4 watchpoint registers.
Jan  1 00:00:05 gautam-Inspiron-1420 kernel: [    0.205349] hw-breakpoint: maximum watchpoint size is 8 bytes.
Jan  1 00:00:05 gautam-Inspiron-1420 kernel: [    0.205392] S3C Power Management, Copyright 2004 Simtec Electronics
Jan  1 00:00:05 gautam-Inspiron-1420 kernel: [    0.205495] EXYNOS5250 PMU Initialize
Jan  1 00:00:05 gautam-Inspiron-1420 kernel: [    0.205506] EXYNOS: Initializing architecture
Jan  1 00:00:05 gautam-Inspiron-1420 kernel: [    0.222242] bio: create slab <bio-0> at 0
Jan  1 00:00:05 gautam-Inspiron-1420 kernel: [    0.304645] raid6: int32x1    197 MB/s
Jan  1 00:00:05 gautam-Inspiron-1420 kernel: [    0.388314] raid6: int32x2    296 MB/s
Jan  1 00:00:05 gautam-Inspiron-1420 kernel: [    0.472045] raid6: int32x4    328 MB/s
Jan  1 00:00:05 gautam-Inspiron-1420 kernel: [    0.555673] raid6: int32x8    472 MB/s
Jan  1 00:00:05 gautam-Inspiron-1420 kernel: [    0.555683] raid6: using algorithm int32x8 (472 MB/s)
Jan  1 00:00:05 gautam-Inspiron-1420 kernel: [    0.555692] raid6: using intx1 recovery algorithm
Jan  1 00:00:05 gautam-Inspiron-1420 kernel: [    0.556132] VDD_33ON_2.8V: 2800 mV 
Jan  1 00:00:05 gautam-Inspiron-1420 kernel: [    0.556336] hdmi-en: no parameters
Jan  1 00:00:05 gautam-Inspiron-1420 kernel: [    0.557227] SCSI subsystem initialized
Jan  1 00:00:05 gautam-Inspiron-1420 kernel: [    0.557550] libata version 3.00 loaded.
Jan  1 00:00:05 gautam-Inspiron-1420 kernel: [    0.558040] usbcore: registered new interface driver usbfs
Jan  1 00:00:05 gautam-Inspiron-1420 kernel: [    0.558154] usbcore: registered new interface driver hub
Jan  1 00:00:05 gautam-Inspiron-1420 kernel: [    0.558304] usbcore: registered new device driver usb
Jan  1 00:00:05 gautam-Inspiron-1420 kernel: [    0.558820] s3c-i2c 12c60000.i2c: slave address 0x66
Jan  1 00:00:05 gautam-Inspiron-1420 kernel: [    0.558837] s3c-i2c 12c60000.i2c: bus frequency set to 18 KHz
Jan  1 00:00:05 gautam-Inspiron-1420 kernel: [    0.559410] sec_pmic 0-0066: No interrupt specified, no interrupts
Jan  1 00:00:05 gautam-Inspiron-1420 kernel: [    0.559812] sec_pmic 0-0066: no op_mode property property at /i2c@12C60000/s5m8767_pmic@66/regulators/BUCK3
Jan  1 00:00:05 gautam-Inspiron-1420 kernel: [    0.595055] VDD_ALIVE_1.0V: 1100 mV 
Jan  1 00:00:05 gautam-Inspiron-1420 kernel: [    0.619696] VDD_28IO_DP_1.35V: 1200 mV 
Jan  1 00:00:05 gautam-Inspiron-1420 kernel: [    0.644338] VDD_COMMON1_1.8V: 1800 mV 
Jan  1 00:00:05 gautam-Inspiron-1420 kernel: [    0.664054] VDD_IOPERI_1.8V: 1800 mV 
Jan  1 00:00:05 gautam-Inspiron-1420 kernel: [    0.688695] VDD_EXT_1.8V: 1800 mV 
Jan  1 00:00:05 gautam-Inspiron-1420 kernel: [    0.713340] VDD_MPLL_1.1V: 1100 mV 
Jan  1 00:00:05 gautam-Inspiron-1420 kernel: [    0.737981] VDD_XPLL_1.1V: 1100 mV 
Jan  1 00:00:05 gautam-Inspiron-1420 kernel: [    0.762624] VDD_COMMON2_1.0V: 1000 mV 
Jan  1 00:00:05 gautam-Inspiron-1420 kernel: [    0.782338] VDD_33ON_3.0V: 3000 mV 
Jan  1 00:00:05 gautam-Inspiron-1420 kernel: [    0.806979] VDD_COMMON3_1.8V: 1800 mV 
Jan  1 00:00:05 gautam-Inspiron-1420 kernel: [    0.831625] VDD_ABB2_1.8V: 1800 mV 
Jan  1 00:00:05 gautam-Inspiron-1420 kernel: [    0.856264] VDD_USB_3.0V: 3000 mV 
Jan  1 00:00:05 gautam-Inspiron-1420 kernel: [    0.880906] VDDQ_C2C_W_1.8V: 1800 mV 
Jan  1 00:00:05 gautam-Inspiron-1420 kernel: [    0.905552] VDD18_ABB0_3_1.8V: 1800 mV 
Jan  1 00:00:05 gautam-Inspiron-1420 kernel: [    0.930197] VDD10_COMMON4_1.0V: 1000 mV 
Jan  1 00:00:05 gautam-Inspiron-1420 kernel: [    0.954837] VDD18_HSIC_1.8V: 1800 mV 
Jan  1 00:00:05 gautam-Inspiron-1420 kernel: [    0.979479] VDDQ_MMC2_3_2.8V: 2800 mV 
Jan  1 00:00:05 gautam-Inspiron-1420 kernel: [    0.999196] VDD_33ON_2.8V: 2800 mV 
Jan  1 00:00:05 gautam-Inspiron-1420 kernel: [    1.004142] VDD_33ON_2.8V: Failed to create debugfs directory
Jan  1 00:00:05 gautam-Inspiron-1420 kernel: [    1.018914] EXT_33_OFF: 3300 mV 
Jan  1 00:00:05 gautam-Inspiron-1420 kernel: [    1.038626] EXT_28_OFF: 2800 mV 
Jan  1 00:00:05 gautam-Inspiron-1420 kernel: [    1.058340] PVDD_LDO25: 1200 mV 
Jan  1 00:00:05 gautam-Inspiron-1420 kernel: [    1.078054] EXT_18_OFF: 1800 mV 
Jan  1 00:00:05 gautam-Inspiron-1420 kernel: [    1.092840] vdd_mif: 950 <--> 1200 mV at 1000 mV 
Jan  1 00:00:05 gautam-Inspiron-1420 kernel: [    1.107633] vdd_arm: 925 <--> 1300 mV at 925 mV 
Jan  1 00:00:05 gautam-Inspiron-1420 kernel: [    1.122418] vdd_int: 900 <--> 1200 mV at 1000 mV 
Jan  1 00:00:05 gautam-Inspiron-1420 kernel: [    1.137201] vdd_g3d: 850 <--> 1300 mV at 1250 mV 
Jan  1 00:00:05 gautam-Inspiron-1420 kernel: [    1.151987] VDD_MEM_1.35V: 750 <--> 1350 mV at 1200 mV 
Jan  1 00:00:05 gautam-Inspiron-1420 kernel: [    1.161848] VDD_33_OFF_EXT1: 750 <--> 3000 mV at 2850 mV 
Jan  1 00:00:05 gautam-Inspiron-1420 kernel: [    1.166969] s3c-i2c 12c60000.i2c: i2c-0: S3C I2C adapter
Jan  1 00:00:05 gautam-Inspiron-1420 kernel: [    1.167069] s3c-i2c 12c80000.i2c: slave address 0x50
Jan  1 00:00:05 gautam-Inspiron-1420 kernel: [    1.167084] s3c-i2c 12c80000.i2c: bus frequency set to 65 KHz
Jan  1 00:00:05 gautam-Inspiron-1420 kernel: [    1.167503] s3c-i2c 12c80000.i2c: i2c-2: S3C I2C adapter
Jan  1 00:00:05 gautam-Inspiron-1420 kernel: [    1.167570] s3c-i2c 12ce0000.i2c: slave address 0x38
Jan  1 00:00:05 gautam-Inspiron-1420 kernel: [    1.167585] s3c-i2c 12ce0000.i2c: bus frequency set to 65 KHz
Jan  1 00:00:05 gautam-Inspiron-1420 kernel: [    1.167986] s3c-i2c 12ce0000.i2c: i2c-8: S3C I2C adapter
Jan  1 00:00:05 gautam-Inspiron-1420 kernel: [    1.169086] NetLabel: Initializing
Jan  1 00:00:05 gautam-Inspiron-1420 kernel: [    1.169099] NetLabel:  domain hash size = 128
Jan  1 00:00:05 gautam-Inspiron-1420 kernel: [    1.169108] NetLabel:  protocols = UNLABELED CIPSOv4
Jan  1 00:00:05 gautam-Inspiron-1420 kernel: [    1.169168] NetLabel:  unlabeled traffic allowed by default
Jan  1 00:00:05 gautam-Inspiron-1420 kernel: [    1.169262] Switching to clocksource arch_sys_counter
Jan  1 00:00:05 gautam-Inspiron-1420 kernel: [    1.182314] AppArmor: AppArmor Filesystem Enabled
Jan  1 00:00:05 gautam-Inspiron-1420 kernel: [    1.193658] NET: Registered protocol family 2
Jan  1 00:00:05 gautam-Inspiron-1420 kernel: [    1.194091] TCP established hash table entries: 16384 (order: 5, 131072 bytes)
Jan  1 00:00:05 gautam-Inspiron-1420 kernel: [    1.194367] TCP bind hash table entries: 16384 (order: 6, 327680 bytes)
Jan  1 00:00:05 gautam-Inspiron-1420 kernel: [    1.194673] TCP: Hash tables configured (established 16384 bind 16384)
Jan  1 00:00:05 gautam-Inspiron-1420 kernel: [    1.194723] TCP: reno registered
Jan  1 00:00:05 gautam-Inspiron-1420 kernel: [    1.194741] UDP hash table entries: 1024 (order: 3, 49152 bytes)
Jan  1 00:00:05 gautam-Inspiron-1420 kernel: [    1.194809] UDP-Lite hash table entries: 1024 (order: 3, 49152 bytes)
Jan  1 00:00:05 gautam-Inspiron-1420 kernel: [    1.195032] NET: Registered protocol family 1
Jan  1 00:00:05 gautam-Inspiron-1420 kernel: [    1.195258] RPC: Registered named UNIX socket transport module.
Jan  1 00:00:05 gautam-Inspiron-1420 kernel: [    1.195272] RPC: Registered udp transport module.
Jan  1 00:00:05 gautam-Inspiron-1420 kernel: [    1.195282] RPC: Registered tcp transport module.
Jan  1 00:00:05 gautam-Inspiron-1420 kernel: [    1.195292] RPC: Registered tcp NFSv4.1 backchannel transport module.
Jan  1 00:00:05 gautam-Inspiron-1420 kernel: [    1.195427] Trying to unpack rootfs image as initramfs...
Jan  1 00:00:05 gautam-Inspiron-1420 kernel: [    1.307732] Freeing initrd memory: 2540K (82001000 - 8227c000)
Jan  1 00:00:05 gautam-Inspiron-1420 kernel: [    1.307934] hw perfevents: enabled with ARMv7_Cortex_A15 PMU driver, 7 counters available
Jan  1 00:00:05 gautam-Inspiron-1420 kernel: [    1.308959] audit: initializing netlink socket (disabled)
Jan  1 00:00:05 gautam-Inspiron-1420 kernel: [    1.308990] type=2000 audit(1.315:1): initialized
Jan  1 00:00:05 gautam-Inspiron-1420 kernel: [    1.310019] bounce pool size: 64 pages
Jan  1 00:00:05 gautam-Inspiron-1420 kernel: [    1.310172] VFS: Disk quotas dquot_6.5.2
Jan  1 00:00:05 gautam-Inspiron-1420 kernel: [    1.310279] Dquot-cache hash table entries: 1024 (order 0, 4096 bytes)
Jan  1 00:00:05 gautam-Inspiron-1420 kernel: [    1.310978] NFS: Registering the id_resolver key type
Jan  1 00:00:05 gautam-Inspiron-1420 kernel: [    1.311023] Key type id_resolver registered
Jan  1 00:00:05 gautam-Inspiron-1420 kernel: [    1.311035] Key type id_legacy registered
Jan  1 00:00:05 gautam-Inspiron-1420 kernel: [    1.311067] jffs2: version 2.2. (NAND) (SUMMARY)  Â© 2001-2006 Red Hat, Inc.
Jan  1 00:00:05 gautam-Inspiron-1420 kernel: [    1.311495] bio: create slab <bio-1> at 1
Jan  1 00:00:05 gautam-Inspiron-1420 kernel: [    1.311799] Btrfs loaded
Jan  1 00:00:05 gautam-Inspiron-1420 kernel: [    1.311820] msgmni has been set to 3484
Jan  1 00:00:05 gautam-Inspiron-1420 kernel: [    1.312448] Block layer SCSI generic (bsg) driver version 0.4 loaded (major 253)
Jan  1 00:00:05 gautam-Inspiron-1420 kernel: [    1.312466] io scheduler noop registered
Jan  1 00:00:05 gautam-Inspiron-1420 kernel: [    1.312476] io scheduler deadline registered
Jan  1 00:00:05 gautam-Inspiron-1420 kernel: [    1.312505] io scheduler cfq registered (default)
Jan  1 00:00:05 gautam-Inspiron-1420 kernel: [    1.321757] dma-pl330 121a0000.pdma: Loaded driver for PL330 DMAC-2364208
Jan  1 00:00:05 gautam-Inspiron-1420 kernel: [    1.321776] dma-pl330 121a0000.pdma: 	DBUFF-32x4bytes Num_Chans-8 Num_Peri-32 Num_Events-32
Jan  1 00:00:05 gautam-Inspiron-1420 kernel: [    1.326026] dma-pl330 121b0000.pdma: Loaded driver for PL330 DMAC-2364208
Jan  1 00:00:05 gautam-Inspiron-1420 kernel: [    1.326044] dma-pl330 121b0000.pdma: 	DBUFF-32x4bytes Num_Chans-8 Num_Peri-32 Num_Events-32
Jan  1 00:00:05 gautam-Inspiron-1420 kernel: [    1.327242] dma-pl330 10800000.mdma: Loaded driver for PL330 DMAC-2364208
Jan  1 00:00:05 gautam-Inspiron-1420 kernel: [    1.327259] dma-pl330 10800000.mdma: 	DBUFF-64x8bytes Num_Chans-8 Num_Peri-1 Num_Events-32
Jan  1 00:00:05 gautam-Inspiron-1420 kernel: [    1.328428] dma-pl330 11c10000.mdma: Loaded driver for PL330 DMAC-2364208
Jan  1 00:00:05 gautam-Inspiron-1420 kernel: [    1.328446] dma-pl330 11c10000.mdma: 	DBUFF-64x8bytes Num_Chans-8 Num_Peri-1 Num_Events-32
Jan  1 00:00:05 gautam-Inspiron-1420 kernel: [    1.402392] Serial: 8250/16550 driver, 4 ports, IRQ sharing disabled
Jan  1 00:00:05 gautam-Inspiron-1420 kernel: [    1.403613] 12c00000.serial: ttySAC0 at MMIO 0x12c00000 (irq = 83) is a S3C6400/10
Jan  1 00:00:05 gautam-Inspiron-1420 kernel: [    1.403894] 12c10000.serial: ttySAC1 at MMIO 0x12c10000 (irq = 84) is a S3C6400/10
Jan  1 00:00:05 gautam-Inspiron-1420 kernel: [    1.404156] 12c20000.serial: ttySAC2 at MMIO 0x12c20000 (irq = 85) is a S3C6400/10
Jan  1 00:00:05 gautam-Inspiron-1420 kernel: [    2.292309] console [ttySAC2] enabled
Jan  1 00:00:05 gautam-Inspiron-1420 kernel: [    2.296203] 12c30000.serial: ttySAC3 at MMIO 0x12c30000 (irq = 86) is a S3C6400/10
Jan  1 00:00:05 gautam-Inspiron-1420 kernel: [    2.304342] [drm] Initialized drm 1.1.0 20060810
Jan  1 00:00:05 gautam-Inspiron-1420 kernel: [    2.314534] i2c i2c-2: attached exynos4210-hdmiddc into i2c adapter successfully
Jan  1 00:00:05 gautam-Inspiron-1420 kernel: [    2.320516] i2c i2c-8: attached s5p_hdmiphy into i2c adapter successfully
Jan  1 00:00:05 gautam-Inspiron-1420 kernel: [    2.327484] exynos-mixer 14450000.mixer: probe start
Jan  1 00:00:05 gautam-Inspiron-1420 kernel: [    2.333090] [drm] Supports vblank timestamp caching Rev 1 (10.10.2010).
Jan  1 00:00:05 gautam-Inspiron-1420 kernel: [    2.338389] [drm] No driver support for vblank timestamp query.
Jan  1 00:00:05 gautam-Inspiron-1420 kernel: [    2.344667] [drm] Got external EDID base block and 0 extensions from "edid-1920x1080.fw" for connector "HDMI-A-1"
Jan  1 00:00:05 gautam-Inspiron-1420 kernel: [    2.494992] Console: switching to colour frame buffer device 240x202
Jan  1 00:00:05 gautam-Inspiron-1420 kernel: [    2.565260] exynos-drm exynos-drm: fb0:  frame buffer device
Jan  1 00:00:05 gautam-Inspiron-1420 kernel: [    2.570798] exynos-drm exynos-drm: registered panic notifier
Jan  1 00:00:05 gautam-Inspiron-1420 kernel: [    2.576352] [drm] Initialized exynos 1.0.0 20110530 on minor 0
Jan  1 00:00:05 gautam-Inspiron-1420 kernel: [    2.582242] v4 support
Jan  1 00:00:05 gautam-Inspiron-1420 kernel: [    2.592803] mali 11800000.mali: GPU identified as 0x6956 r0p0 status 1
Jan  1 00:00:05 gautam-Inspiron-1420 kernel: [    2.598281] mali 11800000.mali: Probed as mali0
Jan  1 00:00:05 gautam-Inspiron-1420 kernel: [    2.602589] UMP<2>:
Jan  1 00:00:05 gautam-Inspiron-1420 kernel: [    2.602589] Inserting UMP device driver. Compiled: Aug 26 2014, time: 12:25:58
Jan  1 00:00:05 gautam-Inspiron-1420 kernel: [    2.602875] UMP: UMP device driver 1.0 loaded
Jan  1 00:00:05 gautam-Inspiron-1420 kernel: [    2.613338] brd: module loaded
Jan  1 00:00:05 gautam-Inspiron-1420 kernel: [    2.618472] loop: module loaded
Jan  1 00:00:05 gautam-Inspiron-1420 kernel: [    2.621392] mtdoops: mtd device (mtddev=name/number) must be supplied
Jan  1 00:00:05 gautam-Inspiron-1420 kernel: [    2.626566] tun: Universal TUN/TAP device driver, 1.6
Jan  1 00:00:05 gautam-Inspiron-1420 kernel: [    2.631591] tun: (C) 1999-2004 Max Krasnyansky <maxk@qualcomm.com>
Jan  1 00:00:05 gautam-Inspiron-1420 kernel: [    2.637972] usbcore: registered new interface driver asix
Jan  1 00:00:05 gautam-Inspiron-1420 kernel: [    2.642956] usbcore: registered new interface driver ax88179_178a
Jan  1 00:00:05 gautam-Inspiron-1420 kernel: [    2.649184] usbcore: registered new interface driver cdc_ether
Jan  1 00:00:05 gautam-Inspiron-1420 kernel: [    2.654659] usbcore: registered new interface driver net1080
Jan  1 00:00:05 gautam-Inspiron-1420 kernel: [    2.660202] usbcore: registered new interface driver cdc_subset
Jan  1 00:00:05 gautam-Inspiron-1420 kernel: [    2.666017] usbcore: registered new interface driver zaurus
Jan  1 00:00:05 gautam-Inspiron-1420 kernel: [    2.671558] usbcore: registered new interface driver cdc_ncm
Jan  1 00:00:05 gautam-Inspiron-1420 kernel: [    2.676934] ehci_hcd: USB 2.0 'Enhanced' Host Controller (EHCI) Driver
Jan  1 00:00:05 gautam-Inspiron-1420 kernel: [    2.683346] ehci-s5p: EHCI s5p driver
Jan  1 00:00:05 gautam-Inspiron-1420 kernel: [    2.686964] unable to find transceiver of type USB2 PHY
Jan  1 00:00:05 gautam-Inspiron-1420 kernel: [    2.692040] s5p-ehci 12110000.usb: no platform data or transceiver defined
Jan  1 00:00:05 gautam-Inspiron-1420 kernel: [    2.698817] platform 12110000.usb: Driver s5p-ehci requests probe deferral
Jan  1 00:00:05 gautam-Inspiron-1420 kernel: [    2.705674] ohci_hcd: USB 1.1 'Open' Host Controller (OHCI) Driver
Jan  1 00:00:05 gautam-Inspiron-1420 kernel: [    2.711817] unable to find transceiver of type USB2 PHY
Jan  1 00:00:05 gautam-Inspiron-1420 kernel: [    2.716751] exynos-ohci 12120000.usb: no platform data or transceiver defined
Jan  1 00:00:05 gautam-Inspiron-1420 kernel: [    2.723770] platform 12120000.usb: Driver exynos-ohci requests probe deferral
Jan  1 00:00:05 gautam-Inspiron-1420 kernel: [    2.731645] mousedev: PS/2 mouse device common for all mice
Jan  1 00:00:05 gautam-Inspiron-1420 kernel: [    2.737539] Exynos: Kernel Thermal management registered
Jan  1 00:00:05 gautam-Inspiron-1420 kernel: [    2.741819] device-mapper: ioctl: 4.24.0-ioctl (2013-01-15) initialised: dm-devel@redhat.com
Jan  1 00:00:05 gautam-Inspiron-1420 kernel: [    2.749977] cpuidle: using governor ladder
Jan  1 00:00:05 gautam-Inspiron-1420 kernel: [    2.753807] cpuidle: using governor menu
Jan  1 00:00:05 gautam-Inspiron-1420 kernel: [    2.757615] Synopsys Designware Multimedia Card Interface Driver
Jan  1 00:00:05 gautam-Inspiron-1420 kernel: [    2.764000] dwmmc_exynos 12200000.dwmmc0: Using internal DMA controller.
Jan  1 00:00:05 gautam-Inspiron-1420 kernel: [    2.770126] dwmmc_exynos 12200000.dwmmc0: Version ID is 241a
Jan  1 00:00:05 gautam-Inspiron-1420 kernel: [    2.775671] dwmmc_exynos 12200000.dwmmc0: DW MMC controller at irq 107, 32 bit host data width, 128 deep fifo
Jan  1 00:00:05 gautam-Inspiron-1420 kernel: [    2.797832] mmc_host mmc0: Bus speed (slot 0) = 100000000Hz (slot req 400000Hz, actual 400000HZ div = 125)
Jan  1 00:00:05 gautam-Inspiron-1420 kernel: [    2.817562] dwmmc_exynos 12200000.dwmmc0: 1 slots initialized
Jan  1 00:00:05 gautam-Inspiron-1420 kernel: [    2.822175] dwmmc_exynos 12220000.dwmmc2: Using internal DMA controller.
Jan  1 00:00:05 gautam-Inspiron-1420 kernel: [    2.828465] dwmmc_exynos 12220000.dwmmc2: Version ID is 241a
Jan  1 00:00:05 gautam-Inspiron-1420 kernel: [    2.834070] dwmmc_exynos 12220000.dwmmc2: DW MMC controller at irq 109, 32 bit host data width, 128 deep fifo
Jan  1 00:00:05 gautam-Inspiron-1420 kernel: [    2.856879] mmc_host mmc1: Bus speed (slot 0) = 100000000Hz (slot req 400000Hz, actual 400000HZ div = 125)
Jan  1 00:00:05 gautam-Inspiron-1420 kernel: [    2.869316] mmc0: BKOPS_EN bit is not set
Jan  1 00:00:05 gautam-Inspiron-1420 kernel: [    2.873071] mmc_host mmc0: Bus speed (slot 0) = 100000000Hz (slot req 52000000Hz, actual 50000000HZ div = 1)
Jan  1 00:00:05 gautam-Inspiron-1420 kernel: [    2.876659] dwmmc_exynos 12220000.dwmmc2: 1 slots initialized
Jan  1 00:00:05 gautam-Inspiron-1420 kernel: [    2.877651] usbcore: registered new interface driver usbhid
Jan  1 00:00:05 gautam-Inspiron-1420 kernel: [    2.877654] usbhid: USB HID core driver
Jan  1 00:00:05 gautam-Inspiron-1420 kernel: [    2.878879] oprofile: using timer interrupt.
Jan  1 00:00:05 gautam-Inspiron-1420 kernel: [    2.900747] TCP: cubic registered
Jan  1 00:00:05 gautam-Inspiron-1420 kernel: [    2.900756] mmc0: new high speed DDR MMC card at address 0001
Jan  1 00:00:05 gautam-Inspiron-1420 kernel: [    2.909494] Initializing XFRM netlink socket
Jan  1 00:00:05 gautam-Inspiron-1420 kernel: [    2.909899] mmcblk0: mmc0:0001 M8G1WA 7.28 GiB 
Jan  1 00:00:05 gautam-Inspiron-1420 kernel: [    2.910107] mmcblk0boot0: mmc0:0001 M8G1WA partition 1 2.00 MiB
Jan  1 00:00:05 gautam-Inspiron-1420 kernel: [    2.910306] mmcblk0boot1: mmc0:0001 M8G1WA partition 2 2.00 MiB
Jan  1 00:00:05 gautam-Inspiron-1420 kernel: [    2.910499] mmcblk0rpmb: mmc0:0001 M8G1WA partition 3 128 KiB
Jan  1 00:00:05 gautam-Inspiron-1420 kernel: [    2.911510]  mmcblk0: p1 p2 p3 p4
Jan  1 00:00:05 gautam-Inspiron-1420 kernel: [    2.915155]  mmcblk0boot1: unknown partition table
Jan  1 00:00:05 gautam-Inspiron-1420 kernel: [    2.916426]  mmcblk0boot0: unknown partition table
Jan  1 00:00:05 gautam-Inspiron-1420 kernel: [    2.948068] NET: Registered protocol family 10
Jan  1 00:00:05 gautam-Inspiron-1420 kernel: [    2.952737] sit: IPv6 over IPv4 tunneling driver
Jan  1 00:00:05 gautam-Inspiron-1420 kernel: [    2.957474] NET: Registered protocol family 17
Jan  1 00:00:05 gautam-Inspiron-1420 kernel: [    2.961253] mmc_host mmc1: Bus speed (slot 0) = 100000000Hz (slot req 50000000Hz, actual 50000000HZ div = 1)
Jan  1 00:00:05 gautam-Inspiron-1420 kernel: [    2.961264] NET: Registered protocol family 15
Jan  1 00:00:05 gautam-Inspiron-1420 kernel: [    2.961359] Key type dns_resolver registered
Jan  1 00:00:05 gautam-Inspiron-1420 kernel: [    2.979406] VFP support v0.3: implementor 41 architecture 4 part 30 variant f rev 0
Jan  1 00:00:05 gautam-Inspiron-1420 kernel: [    2.986956] mmc1: new high speed SDHC card at address 1234
Jan  1 00:00:05 gautam-Inspiron-1420 kernel: [    2.986969] Registering SWP/SWPB emulation handler
Jan  1 00:00:05 gautam-Inspiron-1420 kernel: [    2.987328] mfc-power-domain: Power-off latency exceeded, new value 270083 ns
Jan  1 00:00:05 gautam-Inspiron-1420 kernel: [    2.987645] gsc-power-domain: Power-off latency exceeded, new value 310708 ns
Jan  1 00:00:05 gautam-Inspiron-1420 kernel: [    2.996688] EXT_28_OFF: disabling
Jan  1 00:00:05 gautam-Inspiron-1420 kernel: [    3.003063] VDD_33ON_2.8V: disabling
Jan  1 00:00:05 gautam-Inspiron-1420 kernel: [    3.009433] regulator-dummy: disabling
Jan  1 00:00:05 gautam-Inspiron-1420 kernel: [    3.010898] s5p-ehci 12110000.usb: EHCI Host Controller
Jan  1 00:00:05 gautam-Inspiron-1420 kernel: [    3.010924] s5p-ehci 12110000.usb: new USB bus registered, assigned bus number 1
Jan  1 00:00:05 gautam-Inspiron-1420 kernel: [    3.034348] mmcblk1: mmc1:1234 SA16G 14.4 GiB 
Jan  1 00:00:05 gautam-Inspiron-1420 kernel: [    3.034395] s5p-ehci 12110000.usb: irq 103, io mem 0x12110000
Jan  1 00:00:05 gautam-Inspiron-1420 kernel: [    3.045145]  mmcblk1: p1 p2 p3
Jan  1 00:00:05 gautam-Inspiron-1420 kernel: [    3.048871] s5p-ehci 12110000.usb: USB 2.0 started, EHCI 1.00
Jan  1 00:00:05 gautam-Inspiron-1420 kernel: [    3.053731] hub 1-0:1.0: USB hub found
Jan  1 00:00:05 gautam-Inspiron-1420 kernel: [    3.056817] hub 1-0:1.0: 3 ports detected
Jan  1 00:00:05 gautam-Inspiron-1420 kernel: [    3.061077] samsung-usb2phy 12130000.usbphy: Already power on PHY
Jan  1 00:00:05 gautam-Inspiron-1420 kernel: [    3.066764] exynos-ohci 12120000.usb: EXYNOS OHCI Host Controller
Jan  1 00:00:05 gautam-Inspiron-1420 kernel: [    3.072752] exynos-ohci 12120000.usb: new USB bus registered, assigned bus number 2
Jan  1 00:00:05 gautam-Inspiron-1420 kernel: [    3.080301] exynos-ohci 12120000.usb: irq 103, io mem 0x12120000
Jan  1 00:00:05 gautam-Inspiron-1420 kernel: [    3.141781] hub 2-0:1.0: USB hub found
Jan  1 00:00:05 gautam-Inspiron-1420 kernel: [    3.144101] hub 2-0:1.0: 3 ports detected
Jan  1 00:00:05 gautam-Inspiron-1420 kernel: [    3.148959] input: gpio_keys.3 as /devices/gpio_keys.3/input/input0
Jan  1 00:00:05 gautam-Inspiron-1420 kernel: [    3.154558] /home/buildslave/workspace/linux-linaro-stable-lsk-arndale-mali/drivers/rtc/hctosys.c: unable to open rtc device (rtc0)
Jan  1 00:00:05 gautam-Inspiron-1420 kernel: [    3.178921] Freeing unused kernel memory: 356K (80670000 - 806c9000)
Jan  1 00:00:05 gautam-Inspiron-1420 kernel: [    3.207475] systemd-udevd[1243]: starting version 204
Jan  1 00:00:05 gautam-Inspiron-1420 kernel: [    3.373488] usb 1-3: new high-speed USB device number 2 using s5p-ehci
Jan  1 00:00:05 gautam-Inspiron-1420 kernel: [    3.507177] hub 1-3:1.0: USB hub found
Jan  1 00:00:05 gautam-Inspiron-1420 kernel: [    3.509568] hub 1-3:1.0: 3 ports detected
Jan  1 00:00:05 gautam-Inspiron-1420 kernel: [    3.792099] usb 1-3.2: new high-speed USB device number 3 using s5p-ehci
Jan  1 00:00:05 gautam-Inspiron-1420 kernel: [    3.818640] EXT4-fs (mmcblk1p3): mounted filesystem with ordered data mode. Opts: (null)
Jan  1 00:00:05 gautam-Inspiron-1420 kernel: [    3.923503] hub 1-3.2:1.0: USB hub found
Jan  1 00:00:05 gautam-Inspiron-1420 kernel: [    3.926770] hub 1-3.2:1.0: 4 ports detected
Jan  1 00:00:05 gautam-Inspiron-1420 kernel: [    4.195676] usb 1-3.2.3: new low-speed USB device number 4 using s5p-ehci
Jan  1 00:00:05 gautam-Inspiron-1420 kernel: [    4.306082] input: Dell Dell USB Entry Keyboard as /devices/12110000.usb/usb1/1-3/1-3.2/1-3.2.3/1-3.2.3:1.0/input/input1
Jan  1 00:00:05 gautam-Inspiron-1420 kernel: [    4.317100] hid-generic 0003:413C:2107.0001: input: USB HID v1.10 Keyboard [Dell Dell USB Entry Keyboard] on usb-12110000.usb-3.2.3/input0
Jan  1 00:00:05 gautam-Inspiron-1420 kernel: [    4.397378] usb 1-3.2.4: new high-speed USB device number 5 using s5p-ehci
Jan  1 00:00:05 gautam-Inspiron-1420 kernel: [    4.508173] asix 1-3.2.4:1.0 (unregistered net_device): invalid hw address, using random
Jan  1 00:00:05 gautam-Inspiron-1420 kernel: [    4.584908] init: plymouth-upstart-bridge main process (1295) terminated with status 1
Jan  1 00:00:05 gautam-Inspiron-1420 kernel: [    4.594007] init: plymouth-upstart-bridge main process ended, respawning
Jan  1 00:00:05 gautam-Inspiron-1420 kernel: [    4.609388] init: plymouth-upstart-bridge main process (1308) terminated with status 1
Jan  1 00:00:05 gautam-Inspiron-1420 kernel: [    4.615864] init: plymouth-upstart-bridge main process ended, respawning
Jan  1 00:00:05 gautam-Inspiron-1420 kernel: [    4.634889] init: plymouth-upstart-bridge main process (1310) terminated with status 1
Jan  1 00:00:05 gautam-Inspiron-1420 kernel: [    4.642309] init: plymouth-upstart-bridge main process ended, respawning
Jan  1 00:00:05 gautam-Inspiron-1420 kernel: [    4.653358] init: plymouth-upstart-bridge main process (1314) terminated with status 1
Jan  1 00:00:05 gautam-Inspiron-1420 kernel: [    4.661363] init: plymouth-upstart-bridge main process ended, respawning
Jan  1 00:00:05 gautam-Inspiron-1420 kernel: [    4.671825] init: plymouth-upstart-bridge main process (1316) terminated with status 1
Jan  1 00:00:05 gautam-Inspiron-1420 kernel: [    4.678804] init: plymouth-upstart-bridge main process ended, respawning
Jan  1 00:00:05 gautam-Inspiron-1420 kernel: [    4.689499] init: plymouth-upstart-bridge main process (1318) terminated with status 1
Jan  1 00:00:05 gautam-Inspiron-1420 kernel: [    4.696139] init: plymouth-upstart-bridge main process ended, respawning
Jan  1 00:00:05 gautam-Inspiron-1420 kernel: [    4.703135] init: ureadahead main process (1297) terminated with status 5
Jan  1 00:00:05 gautam-Inspiron-1420 kernel: [    4.840853] asix 1-3.2.4:1.0 eth0: register 'asix' at usb-12110000.usb-3.2.4, ASIX AX88772 USB 2.0 Ethernet, 4e:09:87:8b:ef:f4
Jan  1 00:00:05 gautam-Inspiron-1420 kernel: [    4.982970] EXT4-fs (mmcblk1p3): re-mounted. Opts: (null)
Jan  1 00:00:05 gautam-Inspiron-1420 kernel: [    5.294564] systemd-udevd[1439]: starting version 208
Jan  1 00:00:06 gautam-Inspiron-1420 dhclient: Internet Systems Consortium DHCP Client 4.2.4
Jan  1 00:00:06 gautam-Inspiron-1420 dhclient: Copyright 2004-2012 Internet Systems Consortium.
Jan  1 00:00:06 gautam-Inspiron-1420 dhclient: All rights reserved.
Jan  1 00:00:06 gautam-Inspiron-1420 dhclient: For info, please visit https://www.isc.org/software/dhcp/
Jan  1 00:00:06 gautam-Inspiron-1420 dhclient: 
Jan  1 00:00:07 gautam-Inspiron-1420 kernel: [    6.989794] IPv6: ADDRCONF(NETDEV_UP): eth0: link is not ready
Jan  1 00:00:07 gautam-Inspiron-1420 dhclient: Listening on LPF/eth0/4e:09:87:8b:ef:f4
Jan  1 00:00:07 gautam-Inspiron-1420 dhclient: Sending on   LPF/eth0/4e:09:87:8b:ef:f4
Jan  1 00:00:07 gautam-Inspiron-1420 dhclient: Sending on   Socket/fallback
Jan  1 00:00:07 gautam-Inspiron-1420 dhclient: DHCPREQUEST of 192.168.1.29 on eth0 to 255.255.255.255 port 67 (xid=0x7fef8b)
Jan  1 00:00:07 gautam-Inspiron-1420 failsafe: Failsafe of 120 seconds reached.
Jan  1 00:00:07 gautam-Inspiron-1420 ntpdate[1646]: Can't find host ntp.ubuntu.com: Name or service not known (-2)
Jan  1 00:00:07 gautam-Inspiron-1420 ntpdate[1646]: no servers can be used, exiting
Jan  1 00:00:08 gautam-Inspiron-1420 kernel: [    8.708097] IPv6: ADDRCONF(NETDEV_CHANGE): eth0: link becomes ready
Jan  1 00:00:08 gautam-Inspiron-1420 kernel: [    8.709984] asix 1-3.2.4:1.0 eth0: link up, 100Mbps, full-duplex, lpa 0xCDE1
Jan  1 00:00:15 gautam-Inspiron-1420 dhclient: message repeated 2 times: [ DHCPREQUEST of 192.168.1.29 on eth0 to 255.255.255.255 port 67 (xid=0x7fef8b)]
Jan  1 00:00:25 gautam-Inspiron-1420 dhclient: DHCPDISCOVER on eth0 to 255.255.255.255 port 67 interval 3 (xid=0x40a2c4f6)
Jan  1 00:00:25 gautam-Inspiron-1420 dhclient: DHCPREQUEST of 192.168.1.29 on eth0 to 255.255.255.255 port 67 (xid=0x40a2c4f6)
Jan  1 00:00:25 gautam-Inspiron-1420 dhclient: DHCPOFFER of 192.168.1.29 from 192.168.1.1
Jan  1 00:00:25 gautam-Inspiron-1420 dhclient: DHCPACK of 192.168.1.29 from 192.168.1.1
Jan  1 00:00:25 gautam-Inspiron-1420 dhclient: bound to 192.168.1.29 -- renewal in 37506 seconds.
Jan  1 00:00:25 gautam-Inspiron-1420 kernel: [   25.366536] init: failsafe main process (1602) killed by TERM signal
Jan  1 00:00:26 gautam-Inspiron-1420 cron[1844]: (CRON) INFO (pidfile fd = 3)
Jan  1 00:00:26 gautam-Inspiron-1420 cron[1852]: (CRON) STARTUP (fork ok)
Jan  1 00:00:26 gautam-Inspiron-1420 cron[1852]: (CRON) INFO (Running @reboot jobs)
Jan  1 00:00:26 gautam-Inspiron-1420 kernel: [   26.352357] init: plymouth-upstart-bridge main process ended, respawning
Jan  1 00:00:34 gautam-Inspiron-1420 ntpdate[1704]: no server suitable for synchronization found
Jan  1 00:00:10 gautam-Inspiron-1420 rsyslogd: [origin software="rsyslogd" swVersion="7.4.4" x-pid="1495" x-info="http://www.rsyslog.com"] start
Jan  1 00:00:10 gautam-Inspiron-1420 rsyslogd: rsyslogd's groupid changed to 103
Jan  1 00:00:10 gautam-Inspiron-1420 rsyslogd: rsyslogd's userid changed to 100
Jan  1 00:00:10 gautam-Inspiron-1420 kernel: [    0.000000] Booting Linux on physical CPU 0x0
Jan  1 00:00:10 gautam-Inspiron-1420 kernel: [    0.000000] Linux version 3.10.37-linaro-arndale (buildslave@x86-64-07) (gcc version 4.8.3 20140401 (prerelease) (crosstool-NG linaro-1.13.1-4.8-2014.04 - Linaro GCC 4.8-2014.04) ) #1 SMP Tue Aug 26 12:26:19 UTC 2014
Jan  1 00:00:10 gautam-Inspiron-1420 kernel: [    0.000000] CPU: ARMv7 Processor [410fc0f4] revision 4 (ARMv7), cr=50c5387d
Jan  1 00:00:10 gautam-Inspiron-1420 kernel: [    0.000000] CPU: PIPT / VIPT nonaliasing data cache, PIPT instruction cache
Jan  1 00:00:10 gautam-Inspiron-1420 kernel: [    0.000000] Machine: SAMSUNG EXYNOS5 (Flattened Device Tree), model: Insignal Arndale evaluation board based on EXYNOS5250
Jan  1 00:00:10 gautam-Inspiron-1420 kernel: [    0.000000] NR_BANKS too low, ignoring high memory
Jan  1 00:00:10 gautam-Inspiron-1420 kernel: [    0.000000] cma: CMA: reserved 64 MiB at ab800000
Jan  1 00:00:10 gautam-Inspiron-1420 kernel: [    0.000000] Memory policy: ECC disabled, Data cache writealloc
Jan  1 00:00:10 gautam-Inspiron-1420 kernel: [    0.000000] CPU EXYNOS5250 (id 0x43520010)
Jan  1 00:00:10 gautam-Inspiron-1420 kernel: [    0.000000] On node 0 totalpages: 518144
Jan  1 00:00:10 gautam-Inspiron-1420 kernel: [    0.000000]   Normal zone: 3568 pages used for memmap
Jan  1 00:00:10 gautam-Inspiron-1420 kernel: [    0.000000]   Normal zone: 0 pages reserved
Jan  1 00:00:10 gautam-Inspiron-1420 kernel: [    0.000000]   Normal zone: 452608 pages, LIFO batch:31
Jan  1 00:00:10 gautam-Inspiron-1420 kernel: [    0.000000]   HighMem zone: 528 pages used for memmap
Jan  1 00:00:10 gautam-Inspiron-1420 kernel: [    0.000000]   HighMem zone: 65536 pages, LIFO batch:15
Jan  1 00:00:10 gautam-Inspiron-1420 kernel: [    0.000000] PERCPU: Embedded 9 pages/cpu @817ce000 s14464 r8192 d14208 u36864
Jan  1 00:00:10 gautam-Inspiron-1420 kernel: [    0.000000] pcpu-alloc: s14464 r8192 d14208 u36864 alloc=9*4096
Jan  1 00:00:10 gautam-Inspiron-1420 kernel: [    0.000000] pcpu-alloc: [0] 0 [0] 1 
Jan  1 00:00:10 gautam-Inspiron-1420 kernel: [    0.000000] Built 1 zonelists in Zone order, mobility grouping on.  Total pages: 514576
Jan  1 00:00:10 gautam-Inspiron-1420 kernel: [    0.000000] Kernel command line: console=tty0 console=ttySAC2,115200n8 drm_kms_helper.edid_firmware=edid-1920x1080.fw  root=UUID=a9b2def7-9fa1-423f-acb0-3725791a719b rootwait ro mac=02:0c:cc:99:a9:04
Jan  1 00:00:10 gautam-Inspiron-1420 kernel: [    0.000000] PID hash table entries: 4096 (order: 2, 16384 bytes)
Jan  1 00:00:10 gautam-Inspiron-1420 kernel: [    0.000000] Dentry cache hash table entries: 262144 (order: 8, 1048576 bytes)
Jan  1 00:00:10 gautam-Inspiron-1420 kernel: [    0.000000] Inode-cache hash table entries: 131072 (order: 7, 524288 bytes)
Jan  1 00:00:10 gautam-Inspiron-1420 kernel: [    0.000000] Memory: 48MB 216MB 1504MB 256MB = 2024MB total
Jan  1 00:00:10 gautam-Inspiron-1420 kernel: [    0.000000] Memory: 1978340k/1994724k available, 94236k reserved, 262144K highmem
Jan  1 00:00:10 gautam-Inspiron-1420 kernel: [    0.000000] Virtual kernel memory layout:
Jan  1 00:00:10 gautam-Inspiron-1420 kernel: [    0.000000]     vector  : 0xffff0000 - 0xffff1000   (   4 kB)
Jan  1 00:00:10 gautam-Inspiron-1420 kernel: [    0.000000]     fixmap  : 0xfff00000 - 0xfffe0000   ( 896 kB)
Jan  1 00:00:10 gautam-Inspiron-1420 kernel: [    0.000000]     vmalloc : 0xf0000000 - 0xff000000   ( 240 MB)
Jan  1 00:00:10 gautam-Inspiron-1420 kernel: [    0.000000]     lowmem  : 0x80000000 - 0xef800000   (1784 MB)
Jan  1 00:00:10 gautam-Inspiron-1420 kernel: [    0.000000]     pkmap   : 0x7fe00000 - 0x80000000   (   2 MB)
Jan  1 00:00:10 gautam-Inspiron-1420 kernel: [    0.000000]     modules : 0x7f800000 - 0x7fe00000   (   6 MB)
Jan  1 00:00:10 gautam-Inspiron-1420 kernel: [    0.000000]       .text : 0x80008000 - 0x8066f418   (6558 kB)
Jan  1 00:00:10 gautam-Inspiron-1420 kernel: [    0.000000]       .init : 0x80670000 - 0x806c9880   ( 359 kB)
Jan  1 00:00:10 gautam-Inspiron-1420 kernel: [    0.000000]       .data : 0x806ca000 - 0x80738000   ( 440 kB)
Jan  1 00:00:10 gautam-Inspiron-1420 kernel: [    0.000000]        .bss : 0x80738000 - 0x807aed28   ( 476 kB)
Jan  1 00:00:10 gautam-Inspiron-1420 kernel: [    0.000000] Hierarchical RCU implementation.
Jan  1 00:00:10 gautam-Inspiron-1420 kernel: [    0.000000] NR_IRQS:549
Jan  1 00:00:10 gautam-Inspiron-1420 kernel: [    0.000000] Exynos5250: clock setup completed, armclk=1000000000
Jan  1 00:00:10 gautam-Inspiron-1420 kernel: [    0.000000] Architected local timer running at 24.00MHz (phys).
Jan  1 00:00:10 gautam-Inspiron-1420 kernel: [    0.000000] Switching to timer-based delay loop
Jan  1 00:00:10 gautam-Inspiron-1420 kernel: [    0.000000] sched_clock: ARM arch timer >56 bits at 24000kHz, resolution 41ns
Jan  1 00:00:10 gautam-Inspiron-1420 kernel: [    0.000000] sched_clock: 32 bits at 200 Hz, resolution 5000000ns, wraps every 4294967291ms
Jan  1 00:00:10 gautam-Inspiron-1420 kernel: [    0.000000] Console: colour dummy device 80x30
Jan  1 00:00:10 gautam-Inspiron-1420 kernel: [    0.000000] console [tty0] enabled
Jan  1 00:00:10 gautam-Inspiron-1420 kernel: [    0.000954] Calibrating delay loop (skipped), value calculated using timer frequency.. 48.00 BogoMIPS (lpj=120000)
Jan  1 00:00:10 gautam-Inspiron-1420 kernel: [    0.000993] pid_max: default: 32768 minimum: 301
Jan  1 00:00:10 gautam-Inspiron-1420 kernel: [    0.001137] Security Framework initialized
Jan  1 00:00:10 gautam-Inspiron-1420 kernel: [    0.001167] AppArmor: AppArmor initialized
Jan  1 00:00:10 gautam-Inspiron-1420 kernel: [    0.001226] Mount-cache hash table entries: 512
Jan  1 00:00:10 gautam-Inspiron-1420 kernel: [    0.012942] CPU: Testing write buffer coherency: ok
Jan  1 00:00:10 gautam-Inspiron-1420 kernel: [    0.012988] ftrace: allocating 23319 entries in 46 pages
Jan  1 00:00:10 gautam-Inspiron-1420 kernel: [    0.033644] CPU0: thread -1, cpu 0, socket 0, mpidr 80000000
Jan  1 00:00:10 gautam-Inspiron-1420 kernel: [    0.033688] Setting up static identity map for 0x80448068 - 0x804480b4
Jan  1 00:00:10 gautam-Inspiron-1420 kernel: [    0.034743] CPU1: Booted secondary processor
Jan  1 00:00:10 gautam-Inspiron-1420 kernel: [    0.034771] CPU1: thread -1, cpu 1, socket 0, mpidr 80000001
Jan  1 00:00:10 gautam-Inspiron-1420 kernel: [    0.034842] Brought up 2 CPUs
Jan  1 00:00:10 gautam-Inspiron-1420 kernel: [    0.034871] SMP: Total of 2 processors activated (96.00 BogoMIPS).
Jan  1 00:00:10 gautam-Inspiron-1420 kernel: [    0.034881] CPU: All CPU(s) started in HYP mode.
Jan  1 00:00:10 gautam-Inspiron-1420 kernel: [    0.034891] CPU: Virtualization extensions available.
Jan  1 00:00:10 gautam-Inspiron-1420 kernel: [    0.035459] devtmpfs: initialized
Jan  1 00:00:10 gautam-Inspiron-1420 kernel: [    0.046525] xor: measuring software checksum speed
Jan  1 00:00:10 gautam-Inspiron-1420 kernel: [    0.092526]    arm4regs  :  1764.800 MB/sec
Jan  1 00:00:10 gautam-Inspiron-1420 kernel: [    0.141763]    8regs     :  1743.200 MB/sec
Jan  1 00:00:10 gautam-Inspiron-1420 kernel: [    0.191002]    32regs    :  1424.000 MB/sec
Jan  1 00:00:10 gautam-Inspiron-1420 kernel: [    0.191013] xor: using function: arm4regs (1764.800 MB/sec)
Jan  1 00:00:10 gautam-Inspiron-1420 kernel: [    0.191026] pinctrl core: initialized pinctrl subsystem
Jan  1 00:00:10 gautam-Inspiron-1420 kernel: [    0.191521] regulator-dummy: no parameters
Jan  1 00:00:10 gautam-Inspiron-1420 kernel: [    0.192693] NET: Registered protocol family 16
Jan  1 00:00:10 gautam-Inspiron-1420 kernel: [    0.193783] DMA: preallocated 256 KiB pool for atomic coherent allocations
Jan  1 00:00:10 gautam-Inspiron-1420 kernel: [    0.205113] hw-breakpoint: found 5 (+1 reserved) breakpoint and 4 watchpoint registers.
Jan  1 00:00:10 gautam-Inspiron-1420 kernel: [    0.205132] hw-breakpoint: maximum watchpoint size is 8 bytes.
Jan  1 00:00:10 gautam-Inspiron-1420 kernel: [    0.205175] S3C Power Management, Copyright 2004 Simtec Electronics
Jan  1 00:00:10 gautam-Inspiron-1420 kernel: [    0.205280] EXYNOS5250 PMU Initialize
Jan  1 00:00:10 gautam-Inspiron-1420 kernel: [    0.205290] EXYNOS: Initializing architecture
Jan  1 00:00:10 gautam-Inspiron-1420 kernel: [    0.222000] bio: create slab <bio-0> at 0
Jan  1 00:00:10 gautam-Inspiron-1420 kernel: [    0.304463] raid6: int32x1    197 MB/s
Jan  1 00:00:10 gautam-Inspiron-1420 kernel: [    0.388139] raid6: int32x2    296 MB/s
Jan  1 00:00:10 gautam-Inspiron-1420 kernel: [    0.471869] raid6: int32x4    328 MB/s
Jan  1 00:00:10 gautam-Inspiron-1420 kernel: [    0.555546] raid6: int32x8    472 MB/s
Jan  1 00:00:10 gautam-Inspiron-1420 kernel: [    0.555556] raid6: using algorithm int32x8 (472 MB/s)
Jan  1 00:00:10 gautam-Inspiron-1420 kernel: [    0.555566] raid6: using intx1 recovery algorithm
Jan  1 00:00:10 gautam-Inspiron-1420 kernel: [    0.556004] VDD_33ON_2.8V: 2800 mV 
Jan  1 00:00:10 gautam-Inspiron-1420 kernel: [    0.556210] hdmi-en: no parameters
Jan  1 00:00:10 gautam-Inspiron-1420 kernel: [    0.557117] SCSI subsystem initialized
Jan  1 00:00:10 gautam-Inspiron-1420 kernel: [    0.557444] libata version 3.00 loaded.
Jan  1 00:00:10 gautam-Inspiron-1420 kernel: [    0.557934] usbcore: registered new interface driver usbfs
Jan  1 00:00:10 gautam-Inspiron-1420 kernel: [    0.558047] usbcore: registered new interface driver hub
Jan  1 00:00:10 gautam-Inspiron-1420 kernel: [    0.558197] usbcore: registered new device driver usb
Jan  1 00:00:10 gautam-Inspiron-1420 kernel: [    0.558711] s3c-i2c 12c60000.i2c: slave address 0x66
Jan  1 00:00:10 gautam-Inspiron-1420 kernel: [    0.558728] s3c-i2c 12c60000.i2c: bus frequency set to 18 KHz
Jan  1 00:00:10 gautam-Inspiron-1420 kernel: [    0.559297] sec_pmic 0-0066: No interrupt specified, no interrupts
Jan  1 00:00:10 gautam-Inspiron-1420 kernel: [    0.559703] sec_pmic 0-0066: no op_mode property property at /i2c@12C60000/s5m8767_pmic@66/regulators/BUCK3
Jan  1 00:00:10 gautam-Inspiron-1420 kernel: [    0.604729] VDD_ALIVE_1.0V: 1100 mV 
Jan  1 00:00:10 gautam-Inspiron-1420 kernel: [    0.629375] VDD_28IO_DP_1.35V: 1200 mV 
Jan  1 00:00:10 gautam-Inspiron-1420 kernel: [    0.654022] VDD_COMMON1_1.8V: 1800 mV 
Jan  1 00:00:10 gautam-Inspiron-1420 kernel: [    0.673736] VDD_IOPERI_1.8V: 1800 mV 
Jan  1 00:00:10 gautam-Inspiron-1420 kernel: [    0.698377] VDD_EXT_1.8V: 1800 mV 
Jan  1 00:00:10 gautam-Inspiron-1420 kernel: [    0.723020] VDD_MPLL_1.1V: 1100 mV 
Jan  1 00:00:10 gautam-Inspiron-1420 kernel: [    0.747664] VDD_XPLL_1.1V: 1100 mV 
Jan  1 00:00:10 gautam-Inspiron-1420 kernel: [    0.772305] VDD_COMMON2_1.0V: 1000 mV 
Jan  1 00:00:10 gautam-Inspiron-1420 kernel: [    0.792026] VDD_33ON_3.0V: 3000 mV 
Jan  1 00:00:10 gautam-Inspiron-1420 kernel: [    0.816666] VDD_COMMON3_1.8V: 1800 mV 
Jan  1 00:00:10 gautam-Inspiron-1420 kernel: [    0.841309] VDD_ABB2_1.8V: 1800 mV 
Jan  1 00:00:10 gautam-Inspiron-1420 kernel: [    0.865953] VDD_USB_3.0V: 3000 mV 
Jan  1 00:00:10 gautam-Inspiron-1420 kernel: [    0.890593] VDDQ_C2C_W_1.8V: 1800 mV 
Jan  1 00:00:10 gautam-Inspiron-1420 kernel: [    0.915236] VDD18_ABB0_3_1.8V: 1800 mV 
Jan  1 00:00:10 gautam-Inspiron-1420 kernel: [    0.939877] VDD10_COMMON4_1.0V: 1000 mV 
Jan  1 00:00:10 gautam-Inspiron-1420 kernel: [    0.964522] VDD18_HSIC_1.8V: 1800 mV 
Jan  1 00:00:10 gautam-Inspiron-1420 kernel: [    0.989161] VDDQ_MMC2_3_2.8V: 2800 mV 
Jan  1 00:00:10 gautam-Inspiron-1420 kernel: [    1.008883] VDD_33ON_2.8V: 2800 mV 
Jan  1 00:00:10 gautam-Inspiron-1420 kernel: [    1.013824] VDD_33ON_2.8V: Failed to create debugfs directory
Jan  1 00:00:10 gautam-Inspiron-1420 kernel: [    1.028597] EXT_33_OFF: 3300 mV 
Jan  1 00:00:10 gautam-Inspiron-1420 kernel: [    1.048313] EXT_28_OFF: 2800 mV 
Jan  1 00:00:10 gautam-Inspiron-1420 kernel: [    1.068027] PVDD_LDO25: 1200 mV 
Jan  1 00:00:10 gautam-Inspiron-1420 kernel: [    1.087748] EXT_18_OFF: 1800 mV 
Jan  1 00:00:10 gautam-Inspiron-1420 kernel: [    1.102522] vdd_mif: 950 <--> 1200 mV at 1000 mV 
Jan  1 00:00:10 gautam-Inspiron-1420 kernel: [    1.117305] vdd_arm: 925 <--> 1300 mV at 1100 mV 
Jan  1 00:00:10 gautam-Inspiron-1420 kernel: [    1.132092] vdd_int: 900 <--> 1200 mV at 1000 mV 
Jan  1 00:00:10 gautam-Inspiron-1420 kernel: [    1.146896] vdd_g3d: 850 <--> 1300 mV at 1000 mV 
Jan  1 00:00:10 gautam-Inspiron-1420 kernel: [    1.161668] VDD_MEM_1.35V: 750 <--> 1350 mV at 1200 mV 
Jan  1 00:00:10 gautam-Inspiron-1420 kernel: [    1.171523] VDD_33_OFF_EXT1: 750 <--> 3000 mV at 2850 mV 
Jan  1 00:00:10 gautam-Inspiron-1420 kernel: [    1.176627] s3c-i2c 12c60000.i2c: i2c-0: S3C I2C adapter
Jan  1 00:00:10 gautam-Inspiron-1420 kernel: [    1.176726] s3c-i2c 12c80000.i2c: slave address 0x50
Jan  1 00:00:10 gautam-Inspiron-1420 kernel: [    1.176741] s3c-i2c 12c80000.i2c: bus frequency set to 65 KHz
Jan  1 00:00:10 gautam-Inspiron-1420 kernel: [    1.177154] s3c-i2c 12c80000.i2c: i2c-2: S3C I2C adapter
Jan  1 00:00:10 gautam-Inspiron-1420 kernel: [    1.177219] s3c-i2c 12ce0000.i2c: slave address 0x38
Jan  1 00:00:10 gautam-Inspiron-1420 kernel: [    1.177234] s3c-i2c 12ce0000.i2c: bus frequency set to 65 KHz
Jan  1 00:00:10 gautam-Inspiron-1420 kernel: [    1.177635] s3c-i2c 12ce0000.i2c: i2c-8: S3C I2C adapter
Jan  1 00:00:10 gautam-Inspiron-1420 kernel: [    1.178735] NetLabel: Initializing
Jan  1 00:00:10 gautam-Inspiron-1420 kernel: [    1.178748] NetLabel:  domain hash size = 128
Jan  1 00:00:10 gautam-Inspiron-1420 kernel: [    1.178757] NetLabel:  protocols = UNLABELED CIPSOv4
Jan  1 00:00:10 gautam-Inspiron-1420 kernel: [    1.178817] NetLabel:  unlabeled traffic allowed by default
Jan  1 00:00:10 gautam-Inspiron-1420 kernel: [    1.178913] Switching to clocksource arch_sys_counter
Jan  1 00:00:10 gautam-Inspiron-1420 kernel: [    1.191972] AppArmor: AppArmor Filesystem Enabled
Jan  1 00:00:10 gautam-Inspiron-1420 kernel: [    1.203433] NET: Registered protocol family 2
Jan  1 00:00:10 gautam-Inspiron-1420 kernel: [    1.203859] TCP established hash table entries: 16384 (order: 5, 131072 bytes)
Jan  1 00:00:10 gautam-Inspiron-1420 kernel: [    1.204133] TCP bind hash table entries: 16384 (order: 6, 327680 bytes)
Jan  1 00:00:10 gautam-Inspiron-1420 kernel: [    1.204440] TCP: Hash tables configured (established 16384 bind 16384)
Jan  1 00:00:10 gautam-Inspiron-1420 kernel: [    1.204490] TCP: reno registered
Jan  1 00:00:10 gautam-Inspiron-1420 kernel: [    1.204507] UDP hash table entries: 1024 (order: 3, 49152 bytes)
Jan  1 00:00:10 gautam-Inspiron-1420 kernel: [    1.204576] UDP-Lite hash table entries: 1024 (order: 3, 49152 bytes)
Jan  1 00:00:10 gautam-Inspiron-1420 kernel: [    1.204797] NET: Registered protocol family 1
Jan  1 00:00:10 gautam-Inspiron-1420 kernel: [    1.205019] RPC: Registered named UNIX socket transport module.
Jan  1 00:00:10 gautam-Inspiron-1420 kernel: [    1.205033] RPC: Registered udp transport module.
Jan  1 00:00:10 gautam-Inspiron-1420 kernel: [    1.205043] RPC: Registered tcp transport module.
Jan  1 00:00:10 gautam-Inspiron-1420 kernel: [    1.205053] RPC: Registered tcp NFSv4.1 backchannel transport module.
Jan  1 00:00:10 gautam-Inspiron-1420 kernel: [    1.205188] Trying to unpack rootfs image as initramfs...
Jan  1 00:00:10 gautam-Inspiron-1420 kernel: [    1.317537] Freeing initrd memory: 2540K (82001000 - 8227c000)
Jan  1 00:00:10 gautam-Inspiron-1420 kernel: [    1.317737] hw perfevents: enabled with ARMv7_Cortex_A15 PMU driver, 7 counters available
Jan  1 00:00:10 gautam-Inspiron-1420 kernel: [    1.318759] audit: initializing netlink socket (disabled)
Jan  1 00:00:10 gautam-Inspiron-1420 kernel: [    1.318789] type=2000 audit(1.325:1): initialized
Jan  1 00:00:10 gautam-Inspiron-1420 kernel: [    1.319813] bounce pool size: 64 pages
Jan  1 00:00:10 gautam-Inspiron-1420 kernel: [    1.319965] VFS: Disk quotas dquot_6.5.2
Jan  1 00:00:10 gautam-Inspiron-1420 kernel: [    1.320072] Dquot-cache hash table entries: 1024 (order 0, 4096 bytes)
Jan  1 00:00:10 gautam-Inspiron-1420 kernel: [    1.320777] NFS: Registering the id_resolver key type
Jan  1 00:00:10 gautam-Inspiron-1420 kernel: [    1.320817] Key type id_resolver registered
Jan  1 00:00:10 gautam-Inspiron-1420 kernel: [    1.320829] Key type id_legacy registered
Jan  1 00:00:10 gautam-Inspiron-1420 kernel: [    1.320862] jffs2: version 2.2. (NAND) (SUMMARY)  Â© 2001-2006 Red Hat, Inc.
Jan  1 00:00:10 gautam-Inspiron-1420 kernel: [    1.321290] bio: create slab <bio-1> at 1
Jan  1 00:00:10 gautam-Inspiron-1420 kernel: [    1.321596] Btrfs loaded
Jan  1 00:00:10 gautam-Inspiron-1420 kernel: [    1.321615] msgmni has been set to 3484
Jan  1 00:00:10 gautam-Inspiron-1420 kernel: [    1.322240] Block layer SCSI generic (bsg) driver version 0.4 loaded (major 253)
Jan  1 00:00:10 gautam-Inspiron-1420 kernel: [    1.322257] io scheduler noop registered
Jan  1 00:00:10 gautam-Inspiron-1420 kernel: [    1.322267] io scheduler deadline registered
Jan  1 00:00:10 gautam-Inspiron-1420 kernel: [    1.322295] io scheduler cfq registered (default)
Jan  1 00:00:10 gautam-Inspiron-1420 kernel: [    1.330772] dma-pl330 121a0000.pdma: Loaded driver for PL330 DMAC-2364208
Jan  1 00:00:10 gautam-Inspiron-1420 kernel: [    1.330790] dma-pl330 121a0000.pdma: 	DBUFF-32x4bytes Num_Chans-8 Num_Peri-32 Num_Events-32
Jan  1 00:00:10 gautam-Inspiron-1420 kernel: [    1.335046] dma-pl330 121b0000.pdma: Loaded driver for PL330 DMAC-2364208
Jan  1 00:00:10 gautam-Inspiron-1420 kernel: [    1.335065] dma-pl330 121b0000.pdma: 	DBUFF-32x4bytes Num_Chans-8 Num_Peri-32 Num_Events-32
Jan  1 00:00:10 gautam-Inspiron-1420 kernel: [    1.336236] dma-pl330 10800000.mdma: Loaded driver for PL330 DMAC-2364208
Jan  1 00:00:10 gautam-Inspiron-1420 kernel: [    1.336253] dma-pl330 10800000.mdma: 	DBUFF-64x8bytes Num_Chans-8 Num_Peri-1 Num_Events-32
Jan  1 00:00:10 gautam-Inspiron-1420 kernel: [    1.337489] dma-pl330 11c10000.mdma: Loaded driver for PL330 DMAC-2364208
Jan  1 00:00:10 gautam-Inspiron-1420 kernel: [    1.337507] dma-pl330 11c10000.mdma: 	DBUFF-64x8bytes Num_Chans-8 Num_Peri-1 Num_Events-32
Jan  1 00:00:10 gautam-Inspiron-1420 kernel: [    1.412170] Serial: 8250/16550 driver, 4 ports, IRQ sharing disabled
Jan  1 00:00:10 gautam-Inspiron-1420 kernel: [    1.413398] 12c00000.serial: ttySAC0 at MMIO 0x12c00000 (irq = 83) is a S3C6400/10
Jan  1 00:00:10 gautam-Inspiron-1420 kernel: [    1.413680] 12c10000.serial: ttySAC1 at MMIO 0x12c10000 (irq = 84) is a S3C6400/10
Jan  1 00:00:10 gautam-Inspiron-1420 kernel: [    1.413960] 12c20000.serial: ttySAC2 at MMIO 0x12c20000 (irq = 85) is a S3C6400/10
Jan  1 00:00:10 gautam-Inspiron-1420 kernel: [    2.302207] console [ttySAC2] enabled
Jan  1 00:00:10 gautam-Inspiron-1420 kernel: [    2.306079] 12c30000.serial: ttySAC3 at MMIO 0x12c30000 (irq = 86) is a S3C6400/10
Jan  1 00:00:10 gautam-Inspiron-1420 kernel: [    2.313781] [drm] Initialized drm 1.1.0 20060810
Jan  1 00:00:10 gautam-Inspiron-1420 kernel: [    2.324551] i2c i2c-2: attached exynos4210-hdmiddc into i2c adapter successfully
Jan  1 00:00:10 gautam-Inspiron-1420 kernel: [    2.330541] i2c i2c-8: attached s5p_hdmiphy into i2c adapter successfully
Jan  1 00:00:10 gautam-Inspiron-1420 kernel: [    2.337497] exynos-mixer 14450000.mixer: probe start
Jan  1 00:00:10 gautam-Inspiron-1420 kernel: [    2.343113] [drm] Supports vblank timestamp caching Rev 1 (10.10.2010).
Jan  1 00:00:10 gautam-Inspiron-1420 kernel: [    2.348412] [drm] No driver support for vblank timestamp query.
Jan  1 00:00:10 gautam-Inspiron-1420 kernel: [    2.354692] [drm] Got external EDID base block and 0 extensions from "edid-1920x1080.fw" for connector "HDMI-A-1"
Jan  1 00:00:10 gautam-Inspiron-1420 kernel: [    2.507980] Console: switching to colour frame buffer device 240x202
Jan  1 00:00:10 gautam-Inspiron-1420 kernel: [    2.576564] exynos-drm exynos-drm: fb0:  frame buffer device
Jan  1 00:00:10 gautam-Inspiron-1420 kernel: [    2.582102] exynos-drm exynos-drm: registered panic notifier
Jan  1 00:00:10 gautam-Inspiron-1420 kernel: [    2.587659] [drm] Initialized exynos 1.0.0 20110530 on minor 0
Jan  1 00:00:10 gautam-Inspiron-1420 kernel: [    2.593549] v4 support
Jan  1 00:00:10 gautam-Inspiron-1420 kernel: [    2.607724] mali 11800000.mali: GPU identified as 0x6956 r0p0 status 1
Jan  1 00:00:10 gautam-Inspiron-1420 kernel: [    2.613214] mali 11800000.mali: Probed as mali0
Jan  1 00:00:10 gautam-Inspiron-1420 kernel: [    2.617520] UMP<2>:
Jan  1 00:00:10 gautam-Inspiron-1420 kernel: [    2.617520] Inserting UMP device driver. Compiled: Aug 26 2014, time: 12:25:58
Jan  1 00:00:10 gautam-Inspiron-1420 kernel: [    2.617813] UMP: UMP device driver 1.0 loaded
Jan  1 00:00:10 gautam-Inspiron-1420 kernel: [    2.628243] brd: module loaded
Jan  1 00:00:10 gautam-Inspiron-1420 kernel: [    2.633373] loop: module loaded
Jan  1 00:00:10 gautam-Inspiron-1420 kernel: [    2.636291] mtdoops: mtd device (mtddev=name/number) must be supplied
Jan  1 00:00:10 gautam-Inspiron-1420 kernel: [    2.641468] tun: Universal TUN/TAP device driver, 1.6
Jan  1 00:00:10 gautam-Inspiron-1420 kernel: [    2.646476] tun: (C) 1999-2004 Max Krasnyansky <maxk@qualcomm.com>
Jan  1 00:00:10 gautam-Inspiron-1420 kernel: [    2.652874] usbcore: registered new interface driver asix
Jan  1 00:00:10 gautam-Inspiron-1420 kernel: [    2.657856] usbcore: registered new interface driver ax88179_178a
Jan  1 00:00:10 gautam-Inspiron-1420 kernel: [    2.664089] usbcore: registered new interface driver cdc_ether
Jan  1 00:00:10 gautam-Inspiron-1420 kernel: [    2.669561] usbcore: registered new interface driver net1080
Jan  1 00:00:10 gautam-Inspiron-1420 kernel: [    2.675102] usbcore: registered new interface driver cdc_subset
Jan  1 00:00:10 gautam-Inspiron-1420 kernel: [    2.680916] usbcore: registered new interface driver zaurus
Jan  1 00:00:10 gautam-Inspiron-1420 kernel: [    2.686455] usbcore: registered new interface driver cdc_ncm
Jan  1 00:00:10 gautam-Inspiron-1420 kernel: [    2.691834] ehci_hcd: USB 2.0 'Enhanced' Host Controller (EHCI) Driver
Jan  1 00:00:10 gautam-Inspiron-1420 kernel: [    2.698245] ehci-s5p: EHCI s5p driver
Jan  1 00:00:10 gautam-Inspiron-1420 kernel: [    2.701861] unable to find transceiver of type USB2 PHY
Jan  1 00:00:10 gautam-Inspiron-1420 kernel: [    2.706940] s5p-ehci 12110000.usb: no platform data or transceiver defined
Jan  1 00:00:10 gautam-Inspiron-1420 kernel: [    2.713717] platform 12110000.usb: Driver s5p-ehci requests probe deferral
Jan  1 00:00:10 gautam-Inspiron-1420 kernel: [    2.720576] ohci_hcd: USB 1.1 'Open' Host Controller (OHCI) Driver
Jan  1 00:00:10 gautam-Inspiron-1420 kernel: [    2.726716] unable to find transceiver of type USB2 PHY
Jan  1 00:00:10 gautam-Inspiron-1420 kernel: [    2.731652] exynos-ohci 12120000.usb: no platform data or transceiver defined
Jan  1 00:00:10 gautam-Inspiron-1420 kernel: [    2.738671] platform 12120000.usb: Driver exynos-ohci requests probe deferral
Jan  1 00:00:10 gautam-Inspiron-1420 kernel: [    2.746561] mousedev: PS/2 mouse device common for all mice
Jan  1 00:00:10 gautam-Inspiron-1420 kernel: [    2.752439] Exynos: Kernel Thermal management registered
Jan  1 00:00:10 gautam-Inspiron-1420 kernel: [    2.756710] device-mapper: ioctl: 4.24.0-ioctl (2013-01-15) initialised: dm-devel@redhat.com
Jan  1 00:00:10 gautam-Inspiron-1420 kernel: [    2.764890] cpuidle: using governor ladder
Jan  1 00:00:10 gautam-Inspiron-1420 kernel: [    2.768707] cpuidle: using governor menu
Jan  1 00:00:10 gautam-Inspiron-1420 kernel: [    2.772515] Synopsys Designware Multimedia Card Interface Driver
Jan  1 00:00:10 gautam-Inspiron-1420 kernel: [    2.778888] dwmmc_exynos 12200000.dwmmc0: Using internal DMA controller.
Jan  1 00:00:10 gautam-Inspiron-1420 kernel: [    2.785026] dwmmc_exynos 12200000.dwmmc0: Version ID is 241a
Jan  1 00:00:10 gautam-Inspiron-1420 kernel: [    2.790577] dwmmc_exynos 12200000.dwmmc0: DW MMC controller at irq 107, 32 bit host data width, 128 deep fifo
Jan  1 00:00:10 gautam-Inspiron-1420 kernel: [    2.812403] mmc_host mmc0: Bus speed (slot 0) = 100000000Hz (slot req 400000Hz, actual 400000HZ div = 125)
Jan  1 00:00:10 gautam-Inspiron-1420 kernel: [    2.832128] dwmmc_exynos 12200000.dwmmc0: 1 slots initialized
Jan  1 00:00:10 gautam-Inspiron-1420 kernel: [    2.837702] dwmmc_exynos 12220000.dwmmc2: Using internal DMA controller.
Jan  1 00:00:10 gautam-Inspiron-1420 kernel: [    2.843048] dwmmc_exynos 12220000.dwmmc2: Version ID is 241a
Jan  1 00:00:10 gautam-Inspiron-1420 kernel: [    2.848651] dwmmc_exynos 12220000.dwmmc2: DW MMC controller at irq 109, 32 bit host data width, 128 deep fifo
Jan  1 00:00:10 gautam-Inspiron-1420 kernel: [    2.871450] mmc_host mmc1: Bus speed (slot 0) = 100000000Hz (slot req 400000Hz, actual 400000HZ div = 125)
Jan  1 00:00:10 gautam-Inspiron-1420 kernel: [    2.883864] mmc0: BKOPS_EN bit is not set
Jan  1 00:00:10 gautam-Inspiron-1420 kernel: [    2.887624] mmc_host mmc0: Bus speed (slot 0) = 100000000Hz (slot req 52000000Hz, actual 50000000HZ div = 1)
Jan  1 00:00:10 gautam-Inspiron-1420 kernel: [    2.896342] mmc0: new high speed DDR MMC card at address 0001
Jan  1 00:00:10 gautam-Inspiron-1420 kernel: [    2.901070] dwmmc_exynos 12220000.dwmmc2: 1 slots initialized
Jan  1 00:00:10 gautam-Inspiron-1420 kernel: [    2.902000] usbcore: registered new interface driver usbhid
Jan  1 00:00:10 gautam-Inspiron-1420 kernel: [    2.902002] usbhid: USB HID core driver
Jan  1 00:00:10 gautam-Inspiron-1420 kernel: [    2.903234] oprofile: using timer interrupt.
Jan  1 00:00:10 gautam-Inspiron-1420 kernel: [    2.920949] TCP: cubic registered
Jan  1 00:00:10 gautam-Inspiron-1420 kernel: [    2.921222] mmcblk0: mmc0:0001 M8G1WA 7.28 GiB 
Jan  1 00:00:10 gautam-Inspiron-1420 kernel: [    2.921429] mmcblk0boot0: mmc0:0001 M8G1WA partition 1 2.00 MiB
Jan  1 00:00:10 gautam-Inspiron-1420 kernel: [    2.921619] mmcblk0boot1: mmc0:0001 M8G1WA partition 2 2.00 MiB
Jan  1 00:00:10 gautam-Inspiron-1420 kernel: [    2.921808] mmcblk0rpmb: mmc0:0001 M8G1WA partition 3 128 KiB
Jan  1 00:00:10 gautam-Inspiron-1420 kernel: [    2.922830]  mmcblk0: p1 p2 p3 p4
Jan  1 00:00:10 gautam-Inspiron-1420 kernel: [    2.926517]  mmcblk0boot1: unknown partition table
Jan  1 00:00:10 gautam-Inspiron-1420 kernel: [    2.927757]  mmcblk0boot0: unknown partition table
Jan  1 00:00:10 gautam-Inspiron-1420 kernel: [    2.958362] Initializing XFRM netlink socket
